--------- beginning of system
11-30 21:17:31.238  2537  2980 D PowerManagerService: displayReady: true groupId=0
--------- beginning of main
11-30 21:17:31.256  2537  3913 D NetdEventListenerService: DNS Requested by 114, 11036(com.anonymous.gagyebunative), 4(FAIL), isBlocked=true, 0ms
11-30 21:17:31.257 30364 30364 I ReactNativeJNI: Error occurred, shutting down websocket connection: WebSocket exception Unable to resolve host "ykfwlga-anonymous-8082.exp.direct": No address associated with hostname
11-30 21:17:31.270  1754  4761 D AHAL_ModulePrimary_QTI: getVendorParameters: id count: 1
11-30 21:17:31.270  1754  4761 I PAL: ResourceManager: getActiveStream_l: 6569: no active streams found for device 3 ret -2
11-30 21:17:31.270  1754  4761 D AHAL_SecModulePrimary: onGetSECGenericParameters get temperature for g_hw_speaker_amp_temp_rcv: 0
11-30 21:17:31.271  1754 18663 D AHAL_ModulePrimary_QTI: getVendorParameters: id count: 1
11-30 21:17:31.271  1754 18663 I PAL: ResourceManager: getActiveStream_l: 6569: no active streams found for device 3 ret -2
11-30 21:17:31.271  1754 18663 D AHAL_SecModulePrimary: onGetSECGenericParameters get temperature for g_hw_speaker_amp_temp_spk: 0
11-30 21:17:31.272  7108  7874 I SDHMS:x : SIOP:: AP:375 BAT:348 USB:338 CHG:373 PA:373 CP:373 WIFI:377 CF:376 BLK:0 SUBBAT:340 LRPTHM:363 SKIN:373 SKINF:376 SKINB:379 LRP:373 LRF:376 LRB:379 APT:376 APR:379 RCV:313 SPK:311 CAPR:373 CRCV:313 CSPK:319 CAMT:378 UPSPK:340 DNSPK:340 VAP02:392 VAP05:388 AMB2:281 HIGH:0 AVGCUR:183 AVGSYS:340 POWER:797
11-30 21:17:31.274  7108  7874 I AudioManager: setParameters keyValuePairs = g_hw_speaker_amp_temp_spk=32
11-30 21:17:31.274  1813 11004 D AudioFlinger: setParameters: filtered dev setParameters keyvalue g_hw_speaker_amp_temp_spk=32
11-30 21:17:31.275  1754  4761 D AHAL_HFP_QTI: hfp_set_parameters enter
11-30 21:17:31.275  1754  4761 D AHAL_HFP_QTI: hfp_set_parameters Exit
11-30 21:17:31.275  1754  4761 D AHAL_SecModulePrimary: processSetVendorParameters: configured g_hw_speaker_amp_temp_spk
11-30 21:17:31.275  1754  4761 D AHAL_SecModulePrimary: processSetVendorParameters: handler set on Feature:0
11-30 21:17:31.275  1754  4761 D AHAL_SecModulePrimary: onSetSECGenericParameters set temperature for g_hw_speaker_amp_temp_spk: 32
11-30 21:17:31.275  1754  4761 I PAL: API: pal_set_param: 1377: Enter: param id 3002
11-30 21:17:31.275  1754  4761 I PAL: ResourceManager: getActiveStream_l: 6569: no active streams found for device 3 ret -2
11-30 21:17:31.276  1813 11004 E ConversionHelperAidl: Function: parseAndSetVendorParameters Line: 94 Failed 
11-30 21:17:31.276  1813 11004 E ConversionHelperAidl: Function: parseAndSetVendorParameters Line: 94 Failed 
11-30 21:17:31.276  7108  7874 I AudioManager: setParameters keyValuePairs = g_hw_speaker_amp_temp_rcv=31
11-30 21:17:31.277  1813 10177 D AudioFlinger: setParameters: filtered dev setParameters keyvalue g_hw_speaker_amp_temp_rcv=31
11-30 21:17:31.277  1754  4761 D AHAL_HFP_QTI: hfp_set_parameters enter
11-30 21:17:31.277  1754  4761 D AHAL_HFP_QTI: hfp_set_parameters Exit
11-30 21:17:31.277  1754  4761 D AHAL_SecModulePrimary: processSetVendorParameters: configured g_hw_speaker_amp_temp_rcv
11-30 21:17:31.277  1754  4761 D AHAL_SecModulePrimary: processSetVendorParameters: handler set on Feature:0
11-30 21:17:31.277  1754  4761 D AHAL_SecModulePrimary: onSetSECGenericParameters set temperature for g_hw_speaker_amp_temp_rcv: 31
11-30 21:17:31.277  1754  4761 I PAL: API: pal_set_param: 1377: Enter: param id 3001
11-30 21:17:31.277  1754  4761 I PAL: ResourceManager: getActiveStream_l: 6569: no active streams found for device 3 ret -2
11-30 21:17:31.278  1813 10177 E ConversionHelperAidl: Function: parseAndSetVendorParameters Line: 94 Failed 
11-30 21:17:31.278  1813 10177 E ConversionHelperAidl: Function: parseAndSetVendorParameters Line: 94 Failed 
11-30 21:17:31.280  7108  7364 I M0      : limitCPUFreq:: freq = -1
11-30 21:17:31.281  1757  1916 I HYPER-HAL: [RequestManager.cpp]releaseLocked(): Released ID : 25286719
11-30 21:17:31.414  2537  7488 D RestrictionPolicy: isAirplaneModeAllowed : true
11-30 21:17:31.438  2537  2980 D PowerManagerService: displayReady: false groupId=0
11-30 21:17:31.438  2537  2980 D DisplayPowerController[0]: animateScreenStateChange: target=ON, mIsEnabled=true
11-30 21:17:31.438  2537  2980 D DisplayPowerController[1]: animateScreenStateChange: target=OFF, mIsEnabled=false
11-30 21:17:31.438  2537  2980 D PowerManagerService: displayReady: true groupId=0
11-30 21:17:31.523  1751 27552 I sensors-hal: handle_sns_client_event:379, [0][3809] accel_sample [-3.395,  0.385,  8.985] 211699017933159
11-30 21:17:31.638  2537  2980 D PowerManagerService: displayReady: false groupId=0
11-30 21:17:31.638  2537  2980 D DisplayPowerController[0]: animateScreenStateChange: target=ON, mIsEnabled=true
11-30 21:17:31.639  2537  2980 D DisplayPowerController[1]: animateScreenStateChange: target=OFF, mIsEnabled=false
11-30 21:17:31.639  2537  2980 D PowerManagerService: displayReady: true groupId=0
11-30 21:17:31.840  2537  2980 D PowerManagerService: displayReady: false groupId=0
11-30 21:17:31.840  2537  2980 D DisplayPowerController[0]: animateScreenStateChange: target=ON, mIsEnabled=true
11-30 21:17:31.840  2537  2980 D DisplayPowerController[1]: animateScreenStateChange: target=OFF, mIsEnabled=false
11-30 21:17:31.841  2537  2980 D PowerManagerService: displayReady: true groupId=0
11-30 21:17:32.040  2537  2980 D PowerManagerService: displayReady: false groupId=0
11-30 21:17:32.041  2537  2980 D DisplayPowerController[0]: animateScreenStateChange: target=ON, mIsEnabled=true
11-30 21:17:32.041  2537  2980 D DisplayPowerController[1]: animateScreenStateChange: target=OFF, mIsEnabled=false
11-30 21:17:32.041  2537  2980 D PowerManagerService: displayReady: true groupId=0
11-30 21:17:32.228  2537  4284 D RestrictionPolicy: isAirplaneModeAllowed : true
11-30 21:17:32.242  2537  2980 D PowerManagerService: displayReady: false groupId=0
11-30 21:17:32.242  2537  2980 D DisplayPowerController[0]: animateScreenStateChange: target=ON, mIsEnabled=true
11-30 21:17:32.242  2537  2980 D DisplayPowerController[1]: animateScreenStateChange: target=OFF, mIsEnabled=false
11-30 21:17:32.242  2537  2980 D PowerManagerService: displayReady: true groupId=0
11-30 21:17:32.274  1786  2860 I thermal_core: pivot(AP) : 374, skin : 379
11-30 21:17:32.274  1786  2860 I vendor.samsung.hardware.thermal-service: index = -4.800000
11-30 21:17:32.274  1786  2860 I vendor.samsung.hardware.thermal-service: 1 / 2
11-30 21:17:32.301  2402  2402 I CNSS    : /sys/wifi/max_chipset_log_size doesn't exist
11-30 21:17:32.442  2537  2980 D PowerManagerService: displayReady: false groupId=0
11-30 21:17:32.443  2537  2980 D DisplayPowerController[0]: animateScreenStateChange: target=ON, mIsEnabled=true
11-30 21:17:32.443  2537  3804 I SemWifiServiceDetector: Service det. resumed: T / T / 27621
11-30 21:17:32.443  2537  2980 D DisplayPowerController[1]: animateScreenStateChange: target=OFF, mIsEnabled=false
11-30 21:17:32.443  2537  2980 D PowerManagerService: displayReady: true groupId=0
11-30 21:17:32.523  1751 21732 I sensors-hal: handle_sns_std_sensor_event:157, [18718] Pressure 1011.119, cal 0.381, sw_offset 0.000 (lsb(bit) 0x63 0xc7 0x62)
11-30 21:17:32.643  2537  2980 D PowerManagerService: displayReady: false groupId=0
11-30 21:17:32.644  2537  2980 D DisplayPowerController[0]: animateScreenStateChange: target=ON, mIsEnabled=true
11-30 21:17:32.644  2537  2980 D DisplayPowerController[1]: animateScreenStateChange: target=OFF, mIsEnabled=false
11-30 21:17:32.644  2537  2980 D PowerManagerService: displayReady: true groupId=0
11-30 21:17:32.670  1751  6834 I sensors-hal: handle_sns_std_sensor_event:127, [SSC_LIGHT] A: 5(5),c:334,b:143,m:37,cl:137,l:0,s:5,l0:16224,l1:0,s0:1000,s1:0,acl:3,opr:0.96,f(r):111,u(bl):112,if:111,wi:0,si:0,0(N:1)
11-30 21:17:32.733 25800 25800 D BoundBrokerSvc: onUnbind: Intent { act=com.google.android.gms.potokens.service.START dat=chimera-action:/... xflg=0x4 cmp=com.google.android.gms/.chimera.GmsApiService }
11-30 21:17:32.737  1746  5964 I vendor.qti.bluetooth@1.0-ibs_handler: ProcessIbsCmd: Received IBS_WAKE_IND: 0xFD
11-30 21:17:32.737  1746  5964 D vendor.qti.bluetooth@1.0-ibs_handler: SerialClockVote: vote for UART CLK ON
11-30 21:17:32.737  2537  3785 D BackgroundInstallControlService: Package event received: 0
11-30 21:17:32.737  1746  5964 D vendor.qti.bluetooth@1.0-wake_lock: Acquire wakelock is acquired 
11-30 21:17:32.737  1746  5964 I vendor.qti.bluetooth@1.0-ibs_handler: ProcessIbsCmd: Writing IBS_WAKE_ACK
11-30 21:17:32.737  2537  3785 D BackgroundInstallControlService: Package event received: 0
11-30 21:17:32.787  1746  5964 I vendor.qti.bluetooth@1.0-ibs_handler: ProcessIbsCmd: Received IBS_SLEEP_IND: 0xFE
11-30 21:17:32.788  1746  5964 D vendor.qti.bluetooth@1.0-ibs_handler: SerialClockVote: vote for UART CLK OFF
11-30 21:17:32.832  2537  4284 E BatteryStatsService: Invalid uid for waking network packet: -1
11-30 21:17:32.845  2537  2980 D PowerManagerService: displayReady: false groupId=0
11-30 21:17:32.845  2537  2980 D DisplayPowerController[0]: animateScreenStateChange: target=ON, mIsEnabled=true
11-30 21:17:32.845  2537  2980 D DisplayPowerController[1]: animateScreenStateChange: target=OFF, mIsEnabled=false
11-30 21:17:32.845  2537  2980 D PowerManagerService: displayReady: true groupId=0
11-30 21:17:32.938  1746  4894 D vendor.qti.bluetooth@1.0-wake_lock: Release wakelock is released 
11-30 21:17:32.969  1786  1786 I seh_thermal_service: getTemperaturesWithType SehTemperatureType: 3
11-30 21:17:32.970  1782  1782 I sehhealth-service: updateLrpSysfs: write: 379
11-30 21:17:32.971  1782  1903 E BatteryDump: !@new_battery_dump : 4368,275,500,2400,95,348,338,372,348,0,381,372,340,Charging,NO_CHARGING,Normal,Good,PDIC,0,Normal,0,0,10500,0x8000,0x10010000,0x0,0,0,247,v0004,0,1/1-5000-0-3000,0000,0000,00000000,4368,4406,0,113,162,0,75,0,945,990,0,
11-30 21:17:33.039  2537  6988 D RestrictionPolicy: isAirplaneModeAllowed : true
11-30 21:17:33.045  2537  2980 D PowerManagerService: displayReady: false groupId=0
11-30 21:17:33.045  2537  2980 D DisplayPowerController[0]: animateScreenStateChange: target=ON, mIsEnabled=true
11-30 21:17:33.045  2537  2980 D DisplayPowerController[1]: animateScreenStateChange: target=OFF, mIsEnabled=false
11-30 21:17:33.046  2537  2980 D PowerManagerService: displayReady: true groupId=0
11-30 21:17:33.245  2537  2980 D PowerManagerService: displayReady: false groupId=0
11-30 21:17:33.245  2537  2980 D DisplayPowerController[0]: animateScreenStateChange: target=ON, mIsEnabled=true
11-30 21:17:33.246  2537  2980 D DisplayPowerController[1]: animateScreenStateChange: target=OFF, mIsEnabled=false
11-30 21:17:33.246  2537  2980 D PowerManagerService: displayReady: true groupId=0
11-30 21:17:33.264  2537  3913 D NetdEventListenerService: DNS Requested by 114, 11036(com.anonymous.gagyebunative), 4(FAIL), isBlocked=true, 0ms
11-30 21:17:33.267 30364 30364 I ReactNativeJNI: Error occurred, shutting down websocket connection: WebSocket exception Unable to resolve host "ykfwlga-anonymous-8082.exp.direct": No address associated with hostname
11-30 21:17:33.276  1786  2860 I thermal_core: pivot(AP) : 373, skin : 379
11-30 21:17:33.276  1786  2860 I vendor.samsung.hardware.thermal-service: index = -5.000000
11-30 21:17:33.276  1786  2860 I vendor.samsung.hardware.thermal-service: 2 / 2
11-30 21:17:33.327  1754 18663 D AHAL_ModulePrimary_QTI: getVendorParameters: id count: 1
11-30 21:17:33.327  1754 18663 I PAL: ResourceManager: getActiveStream_l: 6569: no active streams found for device 3 ret -2
11-30 21:17:33.327  1754 18663 D AHAL_SecModulePrimary: onGetSECGenericParameters get temperature for g_hw_speaker_amp_temp_rcv: 0
11-30 21:17:33.327  1754  4761 D AHAL_ModulePrimary_QTI: getVendorParameters: id count: 1
11-30 21:17:33.327  1754  4761 I PAL: ResourceManager: getActiveStream_l: 6569: no active streams found for device 3 ret -2
11-30 21:17:33.327  1754  4761 D AHAL_SecModulePrimary: onGetSECGenericParameters get temperature for g_hw_speaker_amp_temp_spk: 0
11-30 21:17:33.329  7108  7874 I SDHMS:x : SIOP:: AP:373 BAT:348 USB:338 CHG:372 PA:373 CP:372 WIFI:375 CF:375 BLK:0 SUBBAT:340 LRPTHM:362 SKIN:372 SKINF:375 SKINB:378 LRP:372 LRF:375 LRB:378 APT:375 APR:378 RCV:313 SPK:311 CAPR:372 CRCV:313 CSPK:319 CAMT:377 UPSPK:340 DNSPK:340 VAP02:391 VAP05:386 AMB2:281 HIGH:0 AVGCUR:183 AVGSYS:340 POWER:797
11-30 21:17:33.329  7108  7874 I AudioManager: setParameters keyValuePairs = g_hw_speaker_amp_temp_spk=32
11-30 21:17:33.330  1813 10177 D AudioFlinger: setParameters: filtered dev setParameters keyvalue g_hw_speaker_amp_temp_spk=32
11-30 21:17:33.330  1754  4761 D AHAL_HFP_QTI: hfp_set_parameters enter
11-30 21:17:33.330  1754  4761 D AHAL_HFP_QTI: hfp_set_parameters Exit
11-30 21:17:33.330  1754  4761 D AHAL_SecModulePrimary: processSetVendorParameters: configured g_hw_speaker_amp_temp_spk
11-30 21:17:33.330  1754  4761 D AHAL_SecModulePrimary: processSetVendorParameters: handler set on Feature:0
11-30 21:17:33.331  1754  4761 D AHAL_SecModulePrimary: onSetSECGenericParameters set temperature for g_hw_speaker_amp_temp_spk: 32
11-30 21:17:33.331  1754  4761 I PAL: API: pal_set_param: 1377: Enter: param id 3002
11-30 21:17:33.331  1754  4761 I PAL: ResourceManager: getActiveStream_l: 6569: no active streams found for device 3 ret -2
11-30 21:17:33.331  1813 10177 E ConversionHelperAidl: Function: parseAndSetVendorParameters Line: 94 Failed 
11-30 21:17:33.331  1813 10177 E ConversionHelperAidl: Function: parseAndSetVendorParameters Line: 94 Failed 
11-30 21:17:33.332  7108  7874 I AudioManager: setParameters keyValuePairs = g_hw_speaker_amp_temp_rcv=31
11-30 21:17:33.332  1813 10177 D AudioFlinger: setParameters: filtered dev setParameters keyvalue g_hw_speaker_amp_temp_rcv=31
11-30 21:17:33.332  1754  4761 D AHAL_HFP_QTI: hfp_set_parameters enter
11-30 21:17:33.333  1754  4761 D AHAL_HFP_QTI: hfp_set_parameters Exit
11-30 21:17:33.333  1754  4761 D AHAL_SecModulePrimary: processSetVendorParameters: configured g_hw_speaker_amp_temp_rcv
11-30 21:17:33.333  1754  4761 D AHAL_SecModulePrimary: processSetVendorParameters: handler set on Feature:0
11-30 21:17:33.333  1754  4761 D AHAL_SecModulePrimary: onSetSECGenericParameters set temperature for g_hw_speaker_amp_temp_rcv: 31
11-30 21:17:33.333  1754  4761 I PAL: API: pal_set_param: 1377: Enter: param id 3001
11-30 21:17:33.333  1754  4761 I PAL: ResourceManager: getActiveStream_l: 6569: no active streams found for device 3 ret -2
11-30 21:17:33.333  1813 10177 E ConversionHelperAidl: Function: parseAndSetVendorParameters Line: 94 Failed 
11-30 21:17:33.333  1813 10177 E ConversionHelperAidl: Function: parseAndSetVendorParameters Line: 94 Failed 
11-30 21:17:33.445  2537  2980 D PowerManagerService: displayReady: false groupId=0
11-30 21:17:33.445  2537  2980 D DisplayPowerController[0]: animateScreenStateChange: target=ON, mIsEnabled=true
11-30 21:17:33.446  2537  2980 D DisplayPowerController[1]: animateScreenStateChange: target=OFF, mIsEnabled=false
11-30 21:17:33.446  2537  2980 D PowerManagerService: displayReady: true groupId=0
11-30 21:17:33.567  1751 27552 I sensors-hal: handle_sns_client_event:379, [0][3839] accel_sample [-3.393,  0.376,  8.958] 211701059329409
11-30 21:17:33.646  2537  2980 D PowerManagerService: displayReady: false groupId=0
11-30 21:17:33.647  2537  2980 D DisplayPowerController[0]: animateScreenStateChange: target=ON, mIsEnabled=true
11-30 21:17:33.648  2537  2980 D DisplayPowerController[1]: animateScreenStateChange: target=OFF, mIsEnabled=false
11-30 21:17:33.648  2537  2980 D PowerManagerService: displayReady: true groupId=0
11-30 21:17:33.848  2537  2980 D PowerManagerService: displayReady: false groupId=0
11-30 21:17:33.848  2537  2980 D DisplayPowerController[0]: animateScreenStateChange: target=ON, mIsEnabled=true
11-30 21:17:33.848  2537  2980 D DisplayPowerController[1]: animateScreenStateChange: target=OFF, mIsEnabled=false
11-30 21:17:33.849  2537  2980 D PowerManagerService: displayReady: true groupId=0
11-30 21:17:33.850  2537  6988 D RestrictionPolicy: isAirplaneModeAllowed : true
11-30 21:17:33.925  2537  3620 E WifiStaIfaceAidlImpl: getCachedScanData failed with service-specific exception: android.os.ServiceSpecificException:  (code 4)
11-30 21:17:33.929  2537 25405 D SemWifiUsabilityStatsMonitor: onWifiUsabilityStats - seqNum 27789, isSameBssidAndFreq true
11-30 21:17:33.935  2537  3807 D InsDataManager: onOutageCountUpdate() - Outage Data: 0, LQ : N. Outage Triggered: false
11-30 21:17:33.935  2537  3807 D SemInsManager: {"bssid": "ae27bb3f2447","rssi": -47.0,"latency": 0.0,"outage_count": 0,"lq_callback_triggered": false,"outage_log": "Unreliable statistics: -47.0 / 2 / 158 / 24 / 0 || ae27bb3f2447: 0.000 / 0.000 / @ || N N / 0 0 / N 2.0 / N X 9 / 122636037 0 || 2025-11-30 21:17:33  / 0: 0 0 0 0 0 0 / 0: 0 0 0 0 0 0 / 0: 0 0 0 0 0 0""Magnetic Sensor Events size": "0""Pressure Sensor Events size": "0"}
11-30 21:17:34.045  2537  3913 D NetdEventListenerService: DNS Requested by 114, 10492(com.lgt.tmoney), SUCCESS, 0ms
11-30 21:17:34.048  2537  2980 D PowerManagerService: displayReady: false groupId=0
11-30 21:17:34.049  2537  2980 D DisplayPowerController[0]: animateScreenStateChange: target=ON, mIsEnabled=true
11-30 21:17:34.049  2537  2980 D DisplayPowerController[1]: animateScreenStateChange: target=OFF, mIsEnabled=false
11-30 21:17:34.049  2537  2980 D PowerManagerService: displayReady: true groupId=0
11-30 21:17:34.201  2537  5254 I NSLocationMonitor: getGPSUsingApps() called
11-30 21:17:34.203  5255  5299 I NSLocationManager_FLP: getGPSUsingApps, No change
11-30 21:17:34.206  2537  5254 D FreecessHandler: freeze com.anonymous.gagyebunative(11036) result : 2
11-30 21:17:34.214  2537  3913 D NetdEventListenerService: DNS Requested by 114, 10732(com.shinhan.sbanking), 4(FAIL), isBlocked=true, 0ms
11-30 21:17:34.247 27788 28073 W TracingHelper: No RequestContext found in the trace or trace not available. [CONTEXT service_id=259 ratelimit_count=100000 ]
11-30 21:17:34.249  2537  2980 D PowerManagerService: displayReady: false groupId=0
11-30 21:17:34.249  2537  2980 D DisplayPowerController[0]: animateScreenStateChange: target=ON, mIsEnabled=true
11-30 21:17:34.249 27788 28073 W TracingHelper: Mismatched RequestContext found for module CORE. Module id from RequestContext is MODULEID_UNKNOWN [CONTEXT service_id=259 ratelimit_count=100000 ]
11-30 21:17:34.249  2537  2980 D DisplayPowerController[1]: animateScreenStateChange: target=OFF, mIsEnabled=false
11-30 21:17:34.249  2537  2980 D PowerManagerService: displayReady: true groupId=0
11-30 21:17:34.255 16035 16035 D BoundBrokerSvc: onRebind: Intent { act=com.google.android.gms.libs.gmscorelogger.service.START dat=chimera-action:/... xflg=0x4 cmp=com.google.android.gms/.chimera.PersistentDirectBootAwareApiService }
11-30 21:17:34.330  1786  2860 I thermal_core: pivot(AP) : 373, skin : 378
11-30 21:17:34.330  1786  2860 I vendor.samsung.hardware.thermal-service: index = -4.800000
11-30 21:17:34.330  1786  2860 I vendor.samsung.hardware.thermal-service: 1 / 2
11-30 21:17:34.450  2537  2980 D PowerManagerService: displayReady: false groupId=0
11-30 21:17:34.450  2537  2980 D DisplayPowerController[0]: animateScreenStateChange: target=ON, mIsEnabled=true
11-30 21:17:34.450  2537  2980 D DisplayPowerController[1]: animateScreenStateChange: target=OFF, mIsEnabled=false
11-30 21:17:34.450  2537  2980 D PowerManagerService: displayReady: true groupId=0
11-30 21:17:34.602  1751 21732 I sensors-hal: handle_sns_std_sensor_event:157, [18731] Pressure 1011.116, cal 0.381, sw_offset 0.000 (lsb(bit) 0x51 0xc7 0x62)
11-30 21:17:34.651  2537  2980 D PowerManagerService: displayReady: false groupId=0
11-30 21:17:34.651  2537  2980 D DisplayPowerController[0]: animateScreenStateChange: target=ON, mIsEnabled=true
11-30 21:17:34.652  2537  2980 D DisplayPowerController[1]: animateScreenStateChange: target=OFF, mIsEnabled=false
11-30 21:17:34.652  2537  2980 D PowerManagerService: displayReady: true groupId=0
11-30 21:17:34.660  2537  6988 D RestrictionPolicy: isAirplaneModeAllowed : true
11-30 21:17:34.757  7108  7108 I SDHMS:LOAD: type: LoadsFreqs, value: 0:0:0:1017600:1017600:1017600:708096:3321600:556800:222:222:222
11-30 21:17:34.852  2537  2980 D PowerManagerService: displayReady: false groupId=0
11-30 21:17:34.852  2537  2980 D DisplayPowerController[0]: animateScreenStateChange: target=ON, mIsEnabled=true
11-30 21:17:34.853  2537  2980 D DisplayPowerController[1]: animateScreenStateChange: target=OFF, mIsEnabled=false
11-30 21:17:34.853  2537  2980 D PowerManagerService: displayReady: true groupId=0
11-30 21:17:34.979  1017  1017 D io_stats: !@   8,0 r 33238915 820399296 w 6011017 252838500 d 942612 296295604 f 97267 475307 iot 2546520 0 th 0 0 0 pt 0 inp 0 0 122637.087
11-30 21:17:34.980  1017  1017 D io_stats: !@ Read_top(KB): .android.gms.ui:low(27788) 36 .gms.persistent:high(16035) 16 id.app.sbrowser:top(31447) 4
11-30 21:17:34.980  1017  1017 D io_stats: !@ Write_top(KB): kworker/u17:0:/(19890) 1052 id.app.sbrowser:top(31447) 64 vendor.samsung.:normal(1782) 8
11-30 21:17:34.980  1017  1017 D io_stats: !@ fuse-log: WORST (10492 1 0 2 0) (10732 1 0 2 0) TOTAL_LATENCY (10492 0 1 0 2) (10732 0 1 0 2) TOTAL_CNT (10492 2 1 2) (10732 2 1 2) 
11-30 21:17:35.052  2537  2980 D PowerManagerService: displayReady: false groupId=0
11-30 21:17:35.053  2537  2980 D DisplayPowerController[0]: animateScreenStateChange: target=ON, mIsEnabled=true
11-30 21:17:35.053  2537  2980 D DisplayPowerController[1]: animateScreenStateChange: target=OFF, mIsEnabled=false
11-30 21:17:35.053  2537  2980 D PowerManagerService: displayReady: true groupId=0
11-30 21:17:35.254  2537  2980 D PowerManagerService: displayReady: false groupId=0
11-30 21:17:35.254  2537  2980 D DisplayPowerController[0]: animateScreenStateChange: target=ON, mIsEnabled=true
11-30 21:17:35.254  2537  2980 D DisplayPowerController[1]: animateScreenStateChange: target=OFF, mIsEnabled=false
11-30 21:17:35.254  2537  2980 D PowerManagerService: displayReady: true groupId=0
11-30 21:17:35.275  2537  3913 D NetdEventListenerService: DNS Requested by 114, 11036(com.anonymous.gagyebunative), 4(FAIL), isBlocked=true, 0ms
11-30 21:17:35.276 30364 30364 I ReactNativeJNI: Error occurred, shutting down websocket connection: WebSocket exception Unable to resolve host "ykfwlga-anonymous-8082.exp.direct": No address associated with hostname
11-30 21:17:35.294  3997  4356 D SatelliteController: isInCarrierRoamingNbIotNtn: satellite is disabled
11-30 21:17:35.332  1786  2860 I thermal_core: pivot(AP) : 373, skin : 378
11-30 21:17:35.332  1786  2860 I vendor.samsung.hardware.thermal-service: index = -5.000000
11-30 21:17:35.332  1786  2860 I vendor.samsung.hardware.thermal-service: 2 / 2
11-30 21:17:35.376  1754 18663 D AHAL_ModulePrimary_QTI: getVendorParameters: id count: 1
11-30 21:17:35.376  1754 18663 I PAL: ResourceManager: getActiveStream_l: 6569: no active streams found for device 3 ret -2
11-30 21:17:35.376  1754 18663 D AHAL_SecModulePrimary: onGetSECGenericParameters get temperature for g_hw_speaker_amp_temp_rcv: 0
11-30 21:17:35.376  1754  4761 D AHAL_ModulePrimary_QTI: getVendorParameters: id count: 1
11-30 21:17:35.376  1754  4761 I PAL: ResourceManager: getActiveStream_l: 6569: no active streams found for device 3 ret -2
11-30 21:17:35.376  1754  4761 D AHAL_SecModulePrimary: onGetSECGenericParameters get temperature for g_hw_speaker_amp_temp_spk: 0
11-30 21:17:35.378  7108  7874 I SDHMS:x : SIOP:: AP:373 BAT:348 USB:338 CHG:371 PA:372 CP:371 WIFI:375 CF:374 BLK:0 SUBBAT:340 LRPTHM:362 SKIN:372 SKINF:374 SKINB:378 LRP:372 LRF:374 LRB:378 APT:374 APR:378 RCV:313 SPK:311 CAPR:372 CRCV:313 CSPK:319 CAMT:377 UPSPK:340 DNSPK:340 VAP02:390 VAP05:385 AMB2:281 HIGH:0 AVGCUR:183 AVGSYS:340 POWER:797
11-30 21:17:35.378  7108  7874 I AudioManager: setParameters keyValuePairs = g_hw_speaker_amp_temp_spk=32
11-30 21:17:35.379  1813 10177 D AudioFlinger: setParameters: filtered dev setParameters keyvalue g_hw_speaker_amp_temp_spk=32
11-30 21:17:35.379  1754 18663 D AHAL_HFP_QTI: hfp_set_parameters enter
11-30 21:17:35.379  1754 18663 D AHAL_HFP_QTI: hfp_set_parameters Exit
11-30 21:17:35.380  1754 18663 D AHAL_SecModulePrimary: processSetVendorParameters: configured g_hw_speaker_amp_temp_spk
11-30 21:17:35.380  1754 18663 D AHAL_SecModulePrimary: processSetVendorParameters: handler set on Feature:0
11-30 21:17:35.380  1754 18663 D AHAL_SecModulePrimary: onSetSECGenericParameters set temperature for g_hw_speaker_amp_temp_spk: 32
11-30 21:17:35.380  1754 18663 I PAL: API: pal_set_param: 1377: Enter: param id 3002
11-30 21:17:35.380  1754 18663 I PAL: ResourceManager: getActiveStream_l: 6569: no active streams found for device 3 ret -2
11-30 21:17:35.380  1813 10177 E ConversionHelperAidl: Function: parseAndSetVendorParameters Line: 94 Failed 
11-30 21:17:35.381  1813 10177 E ConversionHelperAidl: Function: parseAndSetVendorParameters Line: 94 Failed 
11-30 21:17:35.381  7108  7874 I AudioManager: setParameters keyValuePairs = g_hw_speaker_amp_temp_rcv=31
11-30 21:17:35.381  1813 10177 D AudioFlinger: setParameters: filtered dev setParameters keyvalue g_hw_speaker_amp_temp_rcv=31
11-30 21:17:35.382  1754 18663 D AHAL_HFP_QTI: hfp_set_parameters enter
11-30 21:17:35.382  1754 18663 D AHAL_HFP_QTI: hfp_set_parameters Exit
11-30 21:17:35.382  1754 18663 D AHAL_SecModulePrimary: processSetVendorParameters: configured g_hw_speaker_amp_temp_rcv
11-30 21:17:35.382  1754 18663 D AHAL_SecModulePrimary: processSetVendorParameters: handler set on Feature:0
11-30 21:17:35.382  1754 18663 D AHAL_SecModulePrimary: onSetSECGenericParameters set temperature for g_hw_speaker_amp_temp_rcv: 31
11-30 21:17:35.382  1754 18663 I PAL: API: pal_set_param: 1377: Enter: param id 3001
11-30 21:17:35.382  1754 18663 I PAL: ResourceManager: getActiveStream_l: 6569: no active streams found for device 3 ret -2
11-30 21:17:35.382  1813 10177 E ConversionHelperAidl: Function: parseAndSetVendorParameters Line: 94 Failed 
11-30 21:17:35.382  1813 10177 E ConversionHelperAidl: Function: parseAndSetVendorParameters Line: 94 Failed 
11-30 21:17:35.448  2537  3804 I SemWifiServiceDetector: Service det. suspended: T / T / 27621
11-30 21:17:35.454  2537  2980 D PowerManagerService: displayReady: false groupId=0
11-30 21:17:35.454  2537  2980 D DisplayPowerController[0]: animateScreenStateChange: target=ON, mIsEnabled=true
11-30 21:17:35.454  2537  2980 D DisplayPowerController[1]: animateScreenStateChange: target=OFF, mIsEnabled=false
11-30 21:17:35.454  2537  2980 D PowerManagerService: displayReady: true groupId=0
11-30 21:17:35.469  2537  6988 D RestrictionPolicy: isAirplaneModeAllowed : true
11-30 21:17:35.553 31810 31825 I chromium: INFO:terrace/renderer/anti_tracking/tin_tracker_detector_helper.cc:559] [IAT] Sub-Resource IP Cloaking Detected
11-30 21:17:35.604  1751 27552 I sensors-hal: handle_sns_client_event:379, [0][3869] accel_sample [-3.387,  0.372,  8.985] 211703100720190
11-30 21:17:35.654  2537  2980 D PowerManagerService: displayReady: false groupId=0
11-30 21:17:35.654  2537  2980 D DisplayPowerController[0]: animateScreenStateChange: target=ON, mIsEnabled=true
11-30 21:17:35.654  2537  2980 D DisplayPowerController[1]: animateScreenStateChange: target=OFF, mIsEnabled=false
11-30 21:17:35.654  2537  2980 D PowerManagerService: displayReady: true groupId=0
11-30 21:17:35.855  2537  2980 D PowerManagerService: displayReady: false groupId=0
11-30 21:17:35.855  2537  2980 D DisplayPowerController[0]: animateScreenStateChange: target=ON, mIsEnabled=true
11-30 21:17:35.856  2537  2980 D DisplayPowerController[1]: animateScreenStateChange: target=OFF, mIsEnabled=false
11-30 21:17:35.856  2537  2980 D PowerManagerService: displayReady: true groupId=0
11-30 21:17:36.056  2537  2980 D PowerManagerService: displayReady: false groupId=0
11-30 21:17:36.056  2537  2980 D DisplayPowerController[0]: animateScreenStateChange: target=ON, mIsEnabled=true
11-30 21:17:36.056  2537  2980 D DisplayPowerController[1]: animateScreenStateChange: target=OFF, mIsEnabled=false
11-30 21:17:36.056  2537  2980 D PowerManagerService: displayReady: true groupId=0
11-30 21:17:36.256  2537  2980 D PowerManagerService: displayReady: false groupId=0
11-30 21:17:36.258  2537  2980 D DisplayPowerController[0]: animateScreenStateChange: target=ON, mIsEnabled=true
11-30 21:17:36.258  2537  2980 D DisplayPowerController[1]: animateScreenStateChange: target=OFF, mIsEnabled=false
11-30 21:17:36.258  2537  2980 D PowerManagerService: displayReady: true groupId=0
11-30 21:17:36.280  2537  7488 D RestrictionPolicy: isAirplaneModeAllowed : true
11-30 21:17:36.379  1786  2860 I thermal_core: pivot(AP) : 372, skin : 378
11-30 21:17:36.379  1786  2860 I vendor.samsung.hardware.thermal-service: index = -5.400000
11-30 21:17:36.379  1786  2860 I vendor.samsung.hardware.thermal-service: 1 / 2
11-30 21:17:36.458  2537  2980 D PowerManagerService: displayReady: false groupId=0
11-30 21:17:36.458  2537  2980 D DisplayPowerController[0]: animateScreenStateChange: target=ON, mIsEnabled=true
11-30 21:17:36.458  2537  2980 D DisplayPowerController[1]: animateScreenStateChange: target=OFF, mIsEnabled=false
11-30 21:17:36.458  2537  2980 D PowerManagerService: displayReady: true groupId=0
11-30 21:17:36.498  1751  6834 I sensors-hal: handle_sns_client_event:208, auto_rotation_debug_2 mode,255,last,255, type,3,0 main,-3.383,0.388,8.959 sub,3.273,0.421,-9.279, ar,0, h_ic,1, s,3, ver,12, pedo,1,e,1,i,3
11-30 21:17:36.520  1751 21732 I sensors-hal: handle_sns_std_sensor_event:157, [18743] Pressure 1011.118, cal 0.381, sw_offset 0.000 (lsb(bit) 0x56 0xc7 0x62)
11-30 21:17:36.660  2537  2980 D PowerManagerService: displayReady: false groupId=0
11-30 21:17:36.660  2537  2980 D DisplayPowerController[0]: animateScreenStateChange: target=ON, mIsEnabled=true
11-30 21:17:36.661  2537  2980 D DisplayPowerController[1]: animateScreenStateChange: target=OFF, mIsEnabled=false
11-30 21:17:36.661  2537  2980 D PowerManagerService: displayReady: true groupId=0
11-30 21:17:36.860  2537  2980 D PowerManagerService: displayReady: false groupId=0
11-30 21:17:36.861  2537  2980 D DisplayPowerController[0]: animateScreenStateChange: target=ON, mIsEnabled=true
11-30 21:17:36.861  2537  2980 D DisplayPowerController[1]: animateScreenStateChange: target=OFF, mIsEnabled=false
11-30 21:17:36.861  2537  2980 D PowerManagerService: displayReady: true groupId=0
11-30 21:17:36.863  2537  3913 D NetdEventListenerService: DNS Requested by 114, 10732(com.shinhan.sbanking), 4(FAIL), isBlocked=true, 0ms
11-30 21:17:36.863 24493 24943 E Mint    : NetSender: Transmitting Exception Unable to resolve host "appmon.shinhan.com": No address associated with hostname
11-30 21:17:36.944  2537  3620 E WifiStaIfaceAidlImpl: getCachedScanData failed with service-specific exception: android.os.ServiceSpecificException:  (code 4)
11-30 21:17:36.949  2537 25405 D SemWifiUsabilityStatsMonitor: onWifiUsabilityStats - seqNum 27790, isSameBssidAndFreq true
11-30 21:17:36.956  2537  3806 I SemWifiLinkQualityMonitor: Link stat: 462 / 93 / 2.25 (18) / 154 / -49.0 || 100.0 : 154.00 / 0.5 : 0.44 / B (B) || ae27bb3f2447: 0.374 / 21.371 / N || N N / 0 0 / N 2.0 / N X 9 / 122639058 0 || 2025-11-30 21:17:36  / 0: 0 0 0 0 0 0 / 0: 0 0 0 0 0 0 / 0: 0 0 0 0 0 0
11-30 21:17:36.956  2537  3807 D InsDataManager: onOutageCountUpdate() - Outage Data: 0, LQ : N. Outage Triggered: false
11-30 21:17:36.957  2537  3807 D SemInsManager: {"bssid": "ae27bb3f2447","rssi": -49.0,"latency": 0.37433512828634774,"outage_count": 0,"lq_callback_triggered": false,"outage_log": "Link stat: 462 / 93 / 2.25 (18) / 154 / -49.0 || 100.0 : 154.00 / 0.5 : 0.44 / B (B) || ae27bb3f2447: 0.374 / 21.371 / N || N N / 0 0 / N 2.0 / N X 9 / 122639058 0 || 2025-11-30 21:17:36  / 0: 0 0 0 0 0 0 / 0: 0 0 0 0 0 0 / 0: 0 0 0 0 0 0""Magnetic Sensor Events size": "0""Pressure Sensor Events size": "0"}
11-30 21:17:36.980  1017  1017 D io_stats: !@   8,0 r 33238944 820400408 w 6011017 252838500 d 942612 296295604 f 97267 475307 iot 2546544 0 th 0 0 0 pt 0 inp 0 0 122639.088
11-30 21:17:37.062  2537  2980 D PowerManagerService: displayReady: false groupId=0
11-30 21:17:37.062  2537  2980 D DisplayPowerController[0]: animateScreenStateChange: target=ON, mIsEnabled=true
11-30 21:17:37.062  2537  2980 D DisplayPowerController[1]: animateScreenStateChange: target=OFF, mIsEnabled=false
11-30 21:17:37.062  2537  2980 D PowerManagerService: displayReady: true groupId=0
11-30 21:17:37.096  2537  4284 D RestrictionPolicy: isAirplaneModeAllowed : true
11-30 21:17:37.262  2537  2980 D PowerManagerService: displayReady: false groupId=0
11-30 21:17:37.262  2537  2980 D DisplayPowerController[0]: animateScreenStateChange: target=ON, mIsEnabled=true
11-30 21:17:37.263  2537  2980 D DisplayPowerController[1]: animateScreenStateChange: target=OFF, mIsEnabled=false
11-30 21:17:37.263  2537  2980 D PowerManagerService: displayReady: true groupId=0
11-30 21:17:37.285  2537  3913 D NetdEventListenerService: DNS Requested by 114, 11036(com.anonymous.gagyebunative), 4(FAIL), isBlocked=true, 0ms
11-30 21:17:37.285 30364 30364 I ReactNativeJNI: Error occurred, shutting down websocket connection: WebSocket exception Unable to resolve host "ykfwlga-anonymous-8082.exp.direct": No address associated with hostname
11-30 21:17:37.294  2537  3836 D WifiConnectivityMonitor.NetworkStatsAnalyzer: Backhaul result - RSSI:-49, CE:32, PE:32, TI:43, PTI:43, TW:1, PTW:5, Tx:28, Rx:36, TxS:18, RxS:21, RESULT:true, IC:0, ICT:5, WC:0, WCT:5, R:2, RC:0, IE:0, EC:0
11-30 21:17:37.383  1786  2860 I thermal_core: pivot(AP) : 371, skin : 378
11-30 21:17:37.383  1786  2860 I vendor.samsung.hardware.thermal-service: index = -5.800000
11-30 21:17:37.383  1786  2860 I vendor.samsung.hardware.thermal-service: 2 / 2
11-30 21:17:37.396  2537  2905 E Watchdog: !@Sync: 4087 heap(MB): 204 / 235 FD: 1448 [2025-11-30 21:17:37.396]
11-30 21:17:37.425  1754 18663 D AHAL_ModulePrimary_QTI: getVendorParameters: id count: 1
11-30 21:17:37.426  1754 18663 I PAL: ResourceManager: getActiveStream_l: 6569: no active streams found for device 3 ret -2
11-30 21:17:37.426  1754 18663 D AHAL_SecModulePrimary: onGetSECGenericParameters get temperature for g_hw_speaker_amp_temp_rcv: 0
11-30 21:17:37.426  1754  4761 D AHAL_ModulePrimary_QTI: getVendorParameters: id count: 1
11-30 21:17:37.426  1754  4761 I PAL: ResourceManager: getActiveStream_l: 6569: no active streams found for device 3 ret -2
11-30 21:17:37.426  1754  4761 D AHAL_SecModulePrimary: onGetSECGenericParameters get temperature for g_hw_speaker_amp_temp_spk: 0
11-30 21:17:37.428  7108  7874 I SDHMS:x : SIOP:: AP:371 BAT:348 USB:338 CHG:370 PA:371 CP:370 WIFI:374 CF:373 BLK:0 SUBBAT:340 LRPTHM:361 SKIN:370 SKINF:374 SKINB:377 LRP:370 LRF:374 LRB:377 APT:374 APR:377 RCV:313 SPK:311 CAPR:370 CRCV:313 CSPK:319 CAMT:376 UPSPK:340 DNSPK:340 VAP02:389 VAP05:383 AMB2:281 HIGH:0 AVGCUR:183 AVGSYS:340 POWER:797
11-30 21:17:37.428  7108  7874 I AudioManager: setParameters keyValuePairs = g_hw_speaker_amp_temp_spk=32
11-30 21:17:37.429  1813 10177 D AudioFlinger: setParameters: filtered dev setParameters keyvalue g_hw_speaker_amp_temp_spk=32
11-30 21:17:37.430  1754 18663 D AHAL_HFP_QTI: hfp_set_parameters enter
11-30 21:17:37.430  1754 18663 D AHAL_HFP_QTI: hfp_set_parameters Exit
11-30 21:17:37.430  1754 18663 D AHAL_SecModulePrimary: processSetVendorParameters: configured g_hw_speaker_amp_temp_spk
11-30 21:17:37.430  1754 18663 D AHAL_SecModulePrimary: processSetVendorParameters: handler set on Feature:0
11-30 21:17:37.430  1754 18663 D AHAL_SecModulePrimary: onSetSECGenericParameters set temperature for g_hw_speaker_amp_temp_spk: 32
11-30 21:17:37.430  1754 18663 I PAL: API: pal_set_param: 1377: Enter: param id 3002
11-30 21:17:37.430  1754 18663 I PAL: ResourceManager: getActiveStream_l: 6569: no active streams found for device 3 ret -2
11-30 21:17:37.431  1813 10177 E ConversionHelperAidl: Function: parseAndSetVendorParameters Line: 94 Failed 
11-30 21:17:37.431  1813 10177 E ConversionHelperAidl: Function: parseAndSetVendorParameters Line: 94 Failed 
11-30 21:17:37.432  7108  7874 I AudioManager: setParameters keyValuePairs = g_hw_speaker_amp_temp_rcv=31
11-30 21:17:37.432  1813 10177 D AudioFlinger: setParameters: filtered dev setParameters keyvalue g_hw_speaker_amp_temp_rcv=31
11-30 21:17:37.432  1754  4761 D AHAL_HFP_QTI: hfp_set_parameters enter
11-30 21:17:37.432  1754  4761 D AHAL_HFP_QTI: hfp_set_parameters Exit
11-30 21:17:37.432  1754  4761 D AHAL_SecModulePrimary: processSetVendorParameters: configured g_hw_speaker_amp_temp_rcv
11-30 21:17:37.432  1754  4761 D AHAL_SecModulePrimary: processSetVendorParameters: handler set on Feature:0
11-30 21:17:37.432  1754  4761 D AHAL_SecModulePrimary: onSetSECGenericParameters set temperature for g_hw_speaker_amp_temp_rcv: 31
11-30 21:17:37.432  1754  4761 I PAL: API: pal_set_param: 1377: Enter: param id 3001
11-30 21:17:37.432  1754  4761 I PAL: ResourceManager: getActiveStream_l: 6569: no active streams found for device 3 ret -2
11-30 21:17:37.433  1813 10177 E ConversionHelperAidl: Function: parseAndSetVendorParameters Line: 94 Failed 
11-30 21:17:37.433  1813 10177 E ConversionHelperAidl: Function: parseAndSetVendorParameters Line: 94 Failed 
11-30 21:17:37.463  2537  2980 D PowerManagerService: displayReady: false groupId=0
11-30 21:17:37.463  2537  2980 D DisplayPowerController[0]: animateScreenStateChange: target=ON, mIsEnabled=true
11-30 21:17:37.463  2537  2980 D DisplayPowerController[1]: animateScreenStateChange: target=OFF, mIsEnabled=false
11-30 21:17:37.464  2537  2980 D PowerManagerService: displayReady: true groupId=0
11-30 21:17:37.571  1751  6834 I sensors-hal: handle_sns_std_sensor_event:127, [SSC_LIGHT] A: 2(2),c:334,b:143,m:37,cl:137,l:0,s:1,l0:16320,l1:0,s0:500,s1:0,acl:3,opr:0.96,f(r):111,u(bl):112,if:111,wi:0,si:0,0(N:1)
11-30 21:17:37.646  1751 27552 I sensors-hal: handle_sns_client_event:379, [0][3899] accel_sample [-3.385,  0.380,  8.980] 211705142107221
11-30 21:17:37.664  2537  2980 D PowerManagerService: displayReady: false groupId=0
11-30 21:17:37.664  2537  2980 D DisplayPowerController[0]: animateScreenStateChange: target=ON, mIsEnabled=true
11-30 21:17:37.664  2537  2980 D DisplayPowerController[1]: animateScreenStateChange: target=OFF, mIsEnabled=false
11-30 21:17:37.664  2537  2980 D PowerManagerService: displayReady: true groupId=0
11-30 21:17:37.728  2537  7488 E BatteryStatsService: Invalid uid for waking network packet: -1
11-30 21:17:37.864  2537  2980 D PowerManagerService: displayReady: false groupId=0
11-30 21:17:37.864  2537  2980 D DisplayPowerController[0]: animateScreenStateChange: target=ON, mIsEnabled=true
11-30 21:17:37.865  2537  2980 D DisplayPowerController[1]: animateScreenStateChange: target=OFF, mIsEnabled=false
11-30 21:17:37.865  2537  2980 D PowerManagerService: displayReady: true groupId=0
11-30 21:17:37.909  2537  4284 D RestrictionPolicy: isAirplaneModeAllowed : true
11-30 21:17:38.066  2537  2980 D PowerManagerService: displayReady: false groupId=0
11-30 21:17:38.066  2537  2980 D DisplayPowerController[0]: animateScreenStateChange: target=ON, mIsEnabled=true
11-30 21:17:38.067  2537  2980 D DisplayPowerController[1]: animateScreenStateChange: target=OFF, mIsEnabled=false
11-30 21:17:38.067  2537  2980 D PowerManagerService: displayReady: true groupId=0
11-30 21:17:38.176  2537  3913 D NetdEventListenerService: DNS Requested by 114, 10492(com.lgt.tmoney), SUCCESS, 0ms
11-30 21:17:38.266  2537  2980 D PowerManagerService: displayReady: false groupId=0
11-30 21:17:38.266  2537  2980 D DisplayPowerController[0]: animateScreenStateChange: target=ON, mIsEnabled=true
11-30 21:17:38.267  2537  2980 D DisplayPowerController[1]: animateScreenStateChange: target=OFF, mIsEnabled=false
11-30 21:17:38.267  2537  2980 D PowerManagerService: displayReady: true groupId=0
11-30 21:17:38.369  2537  3913 D NetdEventListenerService: DNS Requested by 114, 10732(com.shinhan.sbanking), 4(FAIL), isBlocked=true, 0ms
11-30 21:17:38.404 16035 31170 I NearbyMediums: No BLE Fast/GATT advertisements found in the latest cycle.
11-30 21:17:38.404 16035 31170 I NearbyMediums: Current Tracked Scanning Clients are : {NearbyConnections.EnvironmentMonitor, NearbySharing, NearbyConnections.TxAdvertisement}
11-30 21:17:38.428  1786  2860 I thermal_core: pivot(AP) : 371, skin : 377
11-30 21:17:38.428  1786  2860 I vendor.samsung.hardware.thermal-service: index = -5.800000
11-30 21:17:38.428  1786  2860 I vendor.samsung.hardware.thermal-service: 1 / 2
11-30 21:17:38.454  2537  3804 I SemWifiServiceDetector: Service det. resumed: T / T / 27621
11-30 21:17:38.467  2537  2980 D PowerManagerService: displayReady: false groupId=0
11-30 21:17:38.467  2537  2980 D DisplayPowerController[0]: animateScreenStateChange: target=ON, mIsEnabled=true
11-30 21:17:38.468  2537  2980 D DisplayPowerController[1]: animateScreenStateChange: target=OFF, mIsEnabled=false
11-30 21:17:38.468  2537  2980 D PowerManagerService: displayReady: true groupId=0
11-30 21:17:38.599  1751 21732 I sensors-hal: handle_sns_std_sensor_event:157, [18756] Pressure 1011.117, cal 0.381, sw_offset 0.000 (lsb(bit) 0x4e 0xc7 0x62)
11-30 21:17:38.667  2537  2980 D PowerManagerService: displayReady: false groupId=0
11-30 21:17:38.668  2537  2980 D DisplayPowerController[0]: animateScreenStateChange: target=ON, mIsEnabled=true
11-30 21:17:38.669  2537  2980 D DisplayPowerController[1]: animateScreenStateChange: target=OFF, mIsEnabled=false
11-30 21:17:38.669  2537  2980 D PowerManagerService: displayReady: true groupId=0
11-30 21:17:38.723  2537  4284 D RestrictionPolicy: isAirplaneModeAllowed : true
11-30 21:17:38.869  2537  2980 D PowerManagerService: displayReady: false groupId=0
11-30 21:17:38.870  2537  2980 D DisplayPowerController[0]: animateScreenStateChange: target=ON, mIsEnabled=true
11-30 21:17:38.870  2537  2980 D DisplayPowerController[1]: animateScreenStateChange: target=OFF, mIsEnabled=false
11-30 21:17:38.870  2537  2980 D PowerManagerService: displayReady: true groupId=0
11-30 21:17:38.981  1017  1017 D io_stats: !@   8,0 r 33238944 820400408 w 6011027 252838552 d 942612 296295604 f 97267 475308 iot 2546548 0 th 0 0 0 pt 0 inp 0 0 122641.089
11-30 21:17:38.982  1017  1017 D io_stats: !@ Read_top(KB): ocessService0:1:top(31810) 1068 id.app.sbrowser:top(31447) 44
11-30 21:17:38.982  1017  1017 D io_stats: !@ Write_top(KB): id.app.sbrowser:top(31447) 48 kworker/2:0:/(16495) 4
11-30 21:17:38.982  1017  1017 D io_stats: !@ fuse-log: WORST (10492 1 0 2 0) (10732 1 0 2 0) TOTAL_LATENCY (10492 0 1 0 2) (10732 0 1 0 2) TOTAL_CNT (10492 2 1 2) (10732 2 1 2) 
11-30 21:17:39.010 31524 31679 V CpEventLog(u0): [P] cp_state: [                 contacts = {contacts=372, raw_contacts=519, data=3888, account={secphone(1)=4, sim(2)=0, sim2(3)=0, agg(4)=0, google(5)=366, google(6)=0, google(7)=0, google(8)=0, samsung(9)=4, mobileservice(10)=0, duo(11)=112, com.nhn.android.naveraccount(12)=0, com.microsoft.appmanager(14)=0, whatsapp(15)=33, com.microsoft.msa.ltw(16)=0, com.microsoft.skydrive(22)=0, com.kakao.sdk.kakaotalk.sso.account(23)=0}, trash=0, trash_acc={}, trash_sync=0, database=contacts2.db} ]
11-30 21:17:39.010 31524 31679 V CpEventLog(u0): [P] cp_state: [               aggregated = {[1,11,15]=1, [1]=3, [5,11,15]=1, [5,11]=102, [5,15,11]=6, [5,15,15,11,15]=1, [5,15,15,15,15,15,15,15,15,15,15]=1, [5,15]=12, [5,5]=2, [5]=239, [9,11]=1, [9]=3} ]
11-30 21:17:39.010 31524 31679 V CpEventLog(u0): [P] cp_state: [                  request = {} ]
11-30 21:17:39.010 31524 31679 V CpEventLog(u0): [P] cp_state: [                    calls = {types={[100]=278, [200]=214, [300]=103, [500]=2, [1000]=1720, [1250]=182, [1300]=1}, database=calllog.db} ]
11-30 21:17:39.010 31524 31679 V CpEventLog(u0): [P] cp_state: [                  profile = {contacts=0, raw_contacts=0, data=0, account={secphone(1)=0, sim(2)=0, sim2(3)=0, agg(4)=0, google(5)=0, google(6)=0, google(7)=0, google(8)=0, samsung(9)=0, mobileservice(10)=0, duo(11)=0, com.nhn.android.naveraccount(12)=0, com.microsoft.appmanager(14)=0, whatsapp(15)=0, com.microsoft.msa.ltw(16)=0, com.microsoft.skydrive(22)=0, com.kakao.sdk.kakaotalk.sso.account(23)=0}, trash=0, trash_acc={}, trash_sync=0, database=profile.db} ]
11-30 21:17:39.010 31524 31679 V CpEventLog(u0): [P] cp_state: [               sa_profile = {contacts=1, raw_contacts=1, data=4, account={secphone(1)=1, sim(2)=0, sim2(3)=0, agg(4)=0, google(5)=0, google(6)=0, google(7)=0, google(8)=0, samsung(9)=0, mobileservice(10)=0, duo(11)=0, com.nhn.android.naveraccount(12)=0, com.microsoft.appmanager(14)=0, whatsapp(15)=0, com.microsoft.msa.ltw(16)=0, com.microsoft.skydrive(22)=0, com.kakao.sdk.kakaotalk.sso.account(23)=0}, trash=0, trash_acc={}, trash_sync=0, database=profile_sa.db} ]
11-30 21:17:39.010 31524 31679 V CpEventLog(u0): [P] cp_state: [                      etc = {binders=0, country_iso=KR, version=15.6.19, db_version=2000, db_size=3, db_wal_size=1, csc=SKT/SKT, sec_enabled=false, is_roaming=false} ]
11-30 21:17:39.010 31524 31679 V CpEventLog(u0): [P] cp_state: ------------------------------------------------------------------------------
11-30 21:17:39.070  2537  2980 D PowerManagerService: displayReady: false groupId=0
11-30 21:17:39.071  2537  2980 D DisplayPowerController[0]: animateScreenStateChange: target=ON, mIsEnabled=true
11-30 21:17:39.071  2537  2980 D DisplayPowerController[1]: animateScreenStateChange: target=OFF, mIsEnabled=false
11-30 21:17:39.072  2537  2980 D PowerManagerService: displayReady: true groupId=0
11-30 21:17:39.200 30364 31054 I System.out: [java.net.SocketTimeoutException: failed to connect to ykfwlga-anonymous-8082.exp.direct/54.65.101.67 (port 8097) from /192.168.45.115 (port 51732) after 10000ms, java.net.ConnectException: Failed to connect to ykfwlga-anonymous-8082.exp.direct/13.114.174.247:8097, java.net.SocketTimeoutException: failed to connect to ykfwlga-anonymous-8082.exp.direct/3.114.93.84 (port 8097) from /192.168.45.115 (port 41752) after 10000ms, java.net.SocketTimeoutException: failed to connect to ykfwlga-anonymous-8082.exp.direct/52.193.116.31 (port 8097) from /192.168.45.115 (port 58604) after 10000ms]
11-30 21:17:39.243 31718 31764 V CpEventLog(u150): [P] cp_state: [                 contacts = {contacts=0, raw_contacts=0, data=0, account={secphone(1)=0, sim(2)=0, sim2(3)=0, agg(4)=0, vnd.sec.contact.phone_personal(5)=0}, trash=0, trash_acc={}, trash_sync=0, database=contacts2.db} ]
11-30 21:17:39.243 31718 31764 V CpEventLog(u150): [P] cp_state: [               aggregated = {} ]
11-30 21:17:39.243 31718 31764 V CpEventLog(u150): [P] cp_state: [                  request = {} ]
11-30 21:17:39.243 31718 31764 V CpEventLog(u150): [P] cp_state: [                    calls = {types={}, database=calllog.db} ]
11-30 21:17:39.243 31718 31764 V CpEventLog(u150): [P] cp_state: [                  profile = {contacts=0, raw_contacts=0, data=0, account={secphone(1)=0, sim(2)=0, sim2(3)=0, agg(4)=0, vnd.sec.contact.phone_personal(5)=0}, trash=0, trash_acc={}, trash_sync=0, database=profile.db} ]
11-30 21:17:39.243 31718 31764 V CpEventLog(u150): [P] cp_state: [               sa_profile = {contacts=0, raw_contacts=0, data=0, account={secphone(1)=0, sim(2)=0, sim2(3)=0, agg(4)=0, vnd.sec.contact.phone_personal(5)=0}, trash=0, trash_acc={}, trash_sync=0, database=profile_sa.db} ]
11-30 21:17:39.243 31718 31764 V CpEventLog(u150): [P] cp_state: [                      etc = {binders=0, country_iso=KR, version=15.6.19, db_version=2000, db_size=0, db_wal_size=0, csc=SKT/SKT, sec_enabled=false, is_roaming=false} ]
11-30 21:17:39.243 31718 31764 V CpEventLog(u150): [P] cp_state: ------------------------------------------------------------------------------
11-30 21:17:39.271  2537  2980 D PowerManagerService: displayReady: false groupId=0
11-30 21:17:39.271  2537  2980 D DisplayPowerController[0]: animateScreenStateChange: target=ON, mIsEnabled=true
11-30 21:17:39.271  2537  2980 D DisplayPowerController[1]: animateScreenStateChange: target=OFF, mIsEnabled=false
11-30 21:17:39.272  2537  2980 D PowerManagerService: displayReady: true groupId=0
11-30 21:17:39.295  2537  3913 D NetdEventListenerService: DNS Requested by 114, 11036(com.anonymous.gagyebunative), 4(FAIL), isBlocked=true, 0ms
11-30 21:17:39.296 30364 30364 I ReactNativeJNI: Error occurred, shutting down websocket connection: WebSocket exception Unable to resolve host "ykfwlga-anonymous-8082.exp.direct": No address associated with hostname
11-30 21:17:39.430  1786  2860 I thermal_core: pivot(AP) : 371, skin : 377
11-30 21:17:39.430  1786  2860 I vendor.samsung.hardware.thermal-service: index = -6.000000
11-30 21:17:39.430  1786  2860 I vendor.samsung.hardware.thermal-service: 2 / 2
11-30 21:17:39.471  2537  2980 D PowerManagerService: displayReady: false groupId=0
11-30 21:17:39.471  2537  2980 D DisplayPowerController[0]: animateScreenStateChange: target=ON, mIsEnabled=true
11-30 21:17:39.472  2537  2980 D DisplayPowerController[1]: animateScreenStateChange: target=OFF, mIsEnabled=false
11-30 21:17:39.473  2537  2980 D PowerManagerService: displayReady: true groupId=0
11-30 21:17:39.476  1754 18663 D AHAL_ModulePrimary_QTI: getVendorParameters: id count: 1
11-30 21:17:39.476  1754 18663 I PAL: ResourceManager: getActiveStream_l: 6569: no active streams found for device 3 ret -2
11-30 21:17:39.476  1754 18663 D AHAL_SecModulePrimary: onGetSECGenericParameters get temperature for g_hw_speaker_amp_temp_rcv: 0
11-30 21:17:39.476  1754  4761 D AHAL_ModulePrimary_QTI: getVendorParameters: id count: 1
