11-30 21:17:39.476  1754  4761 I PAL: ResourceManager: getActiveStream_l: 6569: no active streams found for device 3 ret -2
11-30 21:17:39.477  1754  4761 D AHAL_SecModulePrimary: onGetSECGenericParameters get temperature for g_hw_speaker_amp_temp_spk: 0
11-30 21:17:39.478  7108  7874 I SDHMS:x : SIOP:: AP:371 BAT:348 USB:338 CHG:369 PA:370 CP:369 WIFI:373 CF:373 BLK:0 SUBBAT:340 LRPTHM:361 SKIN:370 SKINF:373 SKINB:377 LRP:370 LRF:373 LRB:377 APT:373 APR:377 RCV:313 SPK:311 CAPR:370 CRCV:313 CSPK:319 CAMT:376 UPSPK:340 DNSPK:340 VAP02:389 VAP05:382 AMB2:281 HIGH:0 AVGCUR:183 AVGSYS:340 POWER:797
11-30 21:17:39.479  7108  7874 I AudioManager: setParameters keyValuePairs = g_hw_speaker_amp_temp_spk=32
11-30 21:17:39.480  1813 10177 D AudioFlinger: setParameters: filtered dev setParameters keyvalue g_hw_speaker_amp_temp_spk=32
11-30 21:17:39.480  1754 18663 D AHAL_HFP_QTI: hfp_set_parameters enter
11-30 21:17:39.480  1754 18663 D AHAL_HFP_QTI: hfp_set_parameters Exit
11-30 21:17:39.480  1754 18663 D AHAL_SecModulePrimary: processSetVendorParameters: configured g_hw_speaker_amp_temp_spk
11-30 21:17:39.480  1754 18663 D AHAL_SecModulePrimary: processSetVendorParameters: handler set on Feature:0
11-30 21:17:39.480  1754 18663 D AHAL_SecModulePrimary: onSetSECGenericParameters set temperature for g_hw_speaker_amp_temp_spk: 32
11-30 21:17:39.481  1754 18663 I PAL: API: pal_set_param: 1377: Enter: param id 3002
11-30 21:17:39.481  1754 18663 I PAL: ResourceManager: getActiveStream_l: 6569: no active streams found for device 3 ret -2
11-30 21:17:39.481  1813 10177 E ConversionHelperAidl: Function: parseAndSetVendorParameters Line: 94 Failed 
11-30 21:17:39.481  1813 10177 E ConversionHelperAidl: Function: parseAndSetVendorParameters Line: 94 Failed 
11-30 21:17:39.482  7108  7874 I AudioManager: setParameters keyValuePairs = g_hw_speaker_amp_temp_rcv=31
11-30 21:17:39.482  1813 10177 D AudioFlinger: setParameters: filtered dev setParameters keyvalue g_hw_speaker_amp_temp_rcv=31
11-30 21:17:39.482  1754 18663 D AHAL_HFP_QTI: hfp_set_parameters enter
11-30 21:17:39.483  1754 18663 D AHAL_HFP_QTI: hfp_set_parameters Exit
11-30 21:17:39.483  1754 18663 D AHAL_SecModulePrimary: processSetVendorParameters: configured g_hw_speaker_amp_temp_rcv
11-30 21:17:39.483  1754 18663 D AHAL_SecModulePrimary: processSetVendorParameters: handler set on Feature:0
11-30 21:17:39.483  1754 18663 D AHAL_SecModulePrimary: onSetSECGenericParameters set temperature for g_hw_speaker_amp_temp_rcv: 31
11-30 21:17:39.483  1754 18663 I PAL: API: pal_set_param: 1377: Enter: param id 3001
11-30 21:17:39.483  1754 18663 I PAL: ResourceManager: getActiveStream_l: 6569: no active streams found for device 3 ret -2
11-30 21:17:39.483  1813 10177 E ConversionHelperAidl: Function: parseAndSetVendorParameters Line: 94 Failed 
11-30 21:17:39.483  1813 10177 E ConversionHelperAidl: Function: parseAndSetVendorParameters Line: 94 Failed 
11-30 21:17:39.534  2537  4284 D RestrictionPolicy: isAirplaneModeAllowed : true
11-30 21:17:39.618  2537  3913 D NetdEventListenerService: DNS Requested by 114, 10422(com.hanaskcard.paycla), 4(FAIL), isBlocked=true, 0ms
11-30 21:17:39.671  2537  2980 D PowerManagerService: displayReady: false groupId=0
11-30 21:17:39.672  2537  2980 D DisplayPowerController[0]: animateScreenStateChange: target=ON, mIsEnabled=true
11-30 21:17:39.672  2537  2980 D DisplayPowerController[1]: animateScreenStateChange: target=OFF, mIsEnabled=false
11-30 21:17:39.672  2537  2980 D PowerManagerService: displayReady: true groupId=0
11-30 21:17:39.688  1751 27552 I sensors-hal: handle_sns_client_event:379, [0][3929] accel_sample [-3.384,  0.368,  8.969] 211707183489669
11-30 21:17:39.775  3997  4356 D SatelliteController: isInCarrierRoamingNbIotNtn: satellite is disabled
11-30 21:17:39.872  2537  2980 D PowerManagerService: displayReady: false groupId=0
11-30 21:17:39.873  2537  2980 D DisplayPowerController[0]: animateScreenStateChange: target=ON, mIsEnabled=true
11-30 21:17:39.873  2537  2980 D DisplayPowerController[1]: animateScreenStateChange: target=OFF, mIsEnabled=false
11-30 21:17:39.873  2537  2980 D PowerManagerService: displayReady: true groupId=0
11-30 21:17:39.962  2537  3620 E WifiStaIfaceAidlImpl: getCachedScanData failed with service-specific exception: android.os.ServiceSpecificException:  (code 4)
11-30 21:17:39.967  2537 25405 D SemWifiUsabilityStatsMonitor: onWifiUsabilityStats - seqNum 27791, isSameBssidAndFreq true
11-30 21:17:39.974  2537  3807 D InsDataManager: onOutageCountUpdate() - Outage Data: 0, LQ : N. Outage Triggered: false
11-30 21:17:39.974  2537  3807 D SemInsManager: {"bssid": "ae27bb3f2447","rssi": -48.0,"latency": 0.0,"outage_count": 0,"lq_callback_triggered": false,"outage_log": "Unreliable statistics: -48.0 / 4 / 105 / 9 / 0 || ae27bb3f2447: 0.000 / 0.000 / @ || N N / 0 0 / N 2.0 / N X 9 / 122642075 0 || 2025-11-30 21:17:39  / 0: 0 0 0 0 0 0 / 0: 0 0 0 0 0 0 / 0: 0 0 0 0 0 0""Magnetic Sensor Events size": "0""Pressure Sensor Events size": "0"}
11-30 21:17:40.074  2537  2980 D PowerManagerService: displayReady: false groupId=0
11-30 21:17:40.074  2537  2980 D DisplayPowerController[0]: animateScreenStateChange: target=ON, mIsEnabled=true
11-30 21:17:40.074  2537  2980 D DisplayPowerController[1]: animateScreenStateChange: target=OFF, mIsEnabled=false
11-30 21:17:40.075  2537  2980 D PowerManagerService: displayReady: true groupId=0
11-30 21:17:40.192  2537  6988 E BatteryStatsService: Invalid uid for waking network packet: -1
11-30 21:17:40.212  2537  5254 I NSLocationMonitor: getGPSUsingApps() called
11-30 21:17:40.212  5255  5299 I NSLocationManager_FLP: getGPSUsingApps, No change
11-30 21:17:40.217  2537  5254 D FreecessHandler: freeze com.anonymous.gagyebunative(11036) result : 2
11-30 21:17:40.221  1746  5964 I vendor.qti.bluetooth@1.0-ibs_handler: ProcessIbsCmd: Received IBS_WAKE_IND: 0xFD
11-30 21:17:40.221  1746  5964 D vendor.qti.bluetooth@1.0-ibs_handler: SerialClockVote: vote for UART CLK ON
11-30 21:17:40.222  1746  5964 D vendor.qti.bluetooth@1.0-wake_lock: Acquire wakelock is acquired 
11-30 21:17:40.222  1746  5964 I vendor.qti.bluetooth@1.0-ibs_handler: ProcessIbsCmd: Writing IBS_WAKE_ACK
11-30 21:17:40.231  4374  6021 I ScanController: onScanResult to scannerId: 4- eventType=0x1b, addressType=0, address=XX:XX:XX:XX:F0:9B, primaryPhy=1, secondaryPhy=0, advertisingSid=0xff, txPower=127, rssi=-101, periodicAdvInt=0x0
11-30 21:17:40.275  2537  2980 D PowerManagerService: displayReady: false groupId=0
11-30 21:17:40.275  2537  2980 D DisplayPowerController[0]: animateScreenStateChange: target=ON, mIsEnabled=true
11-30 21:17:40.275  1746  5964 I vendor.qti.bluetooth@1.0-ibs_handler: ProcessIbsCmd: Received IBS_SLEEP_IND: 0xFE
11-30 21:17:40.276  1746  5964 D vendor.qti.bluetooth@1.0-ibs_handler: SerialClockVote: vote for UART CLK OFF
11-30 21:17:40.276  2537  2980 D DisplayPowerController[1]: animateScreenStateChange: target=OFF, mIsEnabled=false
11-30 21:17:40.276  2537  2980 D PowerManagerService: displayReady: true groupId=0
11-30 21:17:40.343  2537  4284 D RestrictionPolicy: isAirplaneModeAllowed : true
11-30 21:17:40.426  1746  4894 D vendor.qti.bluetooth@1.0-wake_lock: Release wakelock is released 
11-30 21:17:40.476  2537  2980 D PowerManagerService: displayReady: false groupId=0
11-30 21:17:40.476  2537  2980 D DisplayPowerController[0]: animateScreenStateChange: target=ON, mIsEnabled=true
11-30 21:17:40.476  2537  2980 D DisplayPowerController[1]: animateScreenStateChange: target=OFF, mIsEnabled=false
11-30 21:17:40.476  2537  2980 D PowerManagerService: displayReady: true groupId=0
11-30 21:17:40.479  1786  2860 I thermal_core: pivot(AP) : 370, skin : 377
11-30 21:17:40.479  1786  2860 I vendor.samsung.hardware.thermal-service: index = -6.400000
11-30 21:17:40.479  1786  2860 I vendor.samsung.hardware.thermal-service: 1 / 2
11-30 21:17:40.523  1751 21732 I sensors-hal: handle_sns_std_sensor_event:157, [18768] Pressure 1011.115, cal 0.381, sw_offset 0.000 (lsb(bit) 0x4c 0xc7 0x62)
11-30 21:17:40.676  2537  2980 D PowerManagerService: displayReady: false groupId=0
11-30 21:17:40.676  2537  2980 D DisplayPowerController[0]: animateScreenStateChange: target=ON, mIsEnabled=true
11-30 21:17:40.677  2537  2980 D DisplayPowerController[1]: animateScreenStateChange: target=OFF, mIsEnabled=false
11-30 21:17:40.677  2537  2980 D PowerManagerService: displayReady: true groupId=0
11-30 21:17:40.777 26373 26373 I wpa_supplicant: Heartbeat 6038
11-30 21:17:40.877  2537  2980 D PowerManagerService: displayReady: false groupId=0
11-30 21:17:40.878  2537  2980 D DisplayPowerController[0]: animateScreenStateChange: target=ON, mIsEnabled=true
11-30 21:17:40.878  2537  2980 D DisplayPowerController[1]: animateScreenStateChange: target=OFF, mIsEnabled=false
11-30 21:17:40.878  2537  2980 D PowerManagerService: displayReady: true groupId=0
11-30 21:17:40.985  1017  1017 D io_stats: !@   8,0 r 33238944 820400408 w 6011058 252839460 d 942612 296295604 f 97268 475312 iot 2546556 0 th 0 0 0 pt 0 inp 0 0 122643.093
11-30 21:17:41.079  2537  2980 D PowerManagerService: displayReady: false groupId=0
11-30 21:17:41.079  2537  2980 D DisplayPowerController[0]: animateScreenStateChange: target=ON, mIsEnabled=true
11-30 21:17:41.080  2537  2980 D DisplayPowerController[1]: animateScreenStateChange: target=OFF, mIsEnabled=false
11-30 21:17:41.080  2537  2980 D PowerManagerService: displayReady: true groupId=0
11-30 21:17:41.154  2537  4284 D RestrictionPolicy: isAirplaneModeAllowed : true
11-30 21:17:41.280  2537  2980 D PowerManagerService: displayReady: false groupId=0
11-30 21:17:41.280  2537  2980 D DisplayPowerController[0]: animateScreenStateChange: target=ON, mIsEnabled=true
11-30 21:17:41.280  2537  2980 D DisplayPowerController[1]: animateScreenStateChange: target=OFF, mIsEnabled=false
11-30 21:17:41.280  2537  2980 D PowerManagerService: displayReady: true groupId=0
11-30 21:17:41.306  2537  3913 D NetdEventListenerService: DNS Requested by 114, 11036(com.anonymous.gagyebunative), 4(FAIL), isBlocked=true, 0ms
11-30 21:17:41.306 30364 30364 I ReactNativeJNI: Error occurred, shutting down websocket connection: WebSocket exception Unable to resolve host "ykfwlga-anonymous-8082.exp.direct": No address associated with hostname
11-30 21:17:41.461  2537  3804 I SemWifiServiceDetector: Service det. suspended: T / T / 27621
11-30 21:17:41.480  2537  2980 D PowerManagerService: displayReady: false groupId=0
11-30 21:17:41.480  2537  2980 D DisplayPowerController[0]: animateScreenStateChange: target=ON, mIsEnabled=true
11-30 21:17:41.481  2537  2980 D DisplayPowerController[1]: animateScreenStateChange: target=OFF, mIsEnabled=false
11-30 21:17:41.481  2537  2980 D PowerManagerService: displayReady: true groupId=0
11-30 21:17:41.482  1786  2860 I thermal_core: pivot(AP) : 369, skin : 377
11-30 21:17:41.482  1786  2860 I vendor.samsung.hardware.thermal-service: index = -6.800000
11-30 21:17:41.482  1786  2860 I vendor.samsung.hardware.thermal-service: 2 / 2
