11-30 21:17:45.579  1786  2860 I thermal_core: pivot(AP) : 368, skin : 376
11-30 21:17:45.579  1786  2860 I vendor.samsung.hardware.thermal-service: index = -7.400000
11-30 21:17:45.579  1786  2860 I vendor.samsung.hardware.thermal-service: 2 / 2
11-30 21:17:45.625  1754  1761 D AHAL_ModulePrimary_QTI: getVendorParameters: id count: 1
11-30 21:17:45.625  1754  1761 I PAL: ResourceManager: getActiveStream_l: 6569: no active streams found for device 3 ret -2
11-30 21:17:45.625  1754  1761 D AHAL_SecModulePrimary: onGetSECGenericParameters get temperature for g_hw_speaker_amp_temp_rcv: 0
11-30 21:17:45.625  1754  4761 D AHAL_ModulePrimary_QTI: getVendorParameters: id count: 1
11-30 21:17:45.625  1754  4761 I PAL: ResourceManager: getActiveStream_l: 6569: no active streams found for device 3 ret -2
11-30 21:17:45.626  1754  4761 D AHAL_SecModulePrimary: onGetSECGenericParameters get temperature for g_hw_speaker_amp_temp_spk: 0
11-30 21:17:45.627  7108  7874 I SDHMS:x : SIOP:: AP:368 BAT:347 USB:338 CHG:367 PA:369 CP:368 WIFI:371 CF:371 BLK:0 SUBBAT:340 LRPTHM:360 SKIN:368 SKINF:372 SKINB:376 LRP:368 LRF:372 LRB:376 APT:372 APR:376 RCV:313 SPK:311 CAPR:368 CRCV:313 CSPK:319 CAMT:375 UPSPK:340 DNSPK:340 VAP02:386 VAP05:379 AMB2:282 HIGH:0 AVGCUR:227 AVGSYS:227 POWER:989
11-30 21:17:45.627  7108  7874 I AudioManager: setParameters keyValuePairs = g_hw_speaker_amp_temp_spk=32
11-30 21:17:45.628  1813 11004 D AudioFlinger: setParameters: filtered dev setParameters keyvalue g_hw_speaker_amp_temp_spk=32
11-30 21:17:45.628  1754  4761 D AHAL_HFP_QTI: hfp_set_parameters enter
11-30 21:17:45.629  1754  4761 D AHAL_HFP_QTI: hfp_set_parameters Exit
11-30 21:17:45.629  1754  4761 D AHAL_SecModulePrimary: processSetVendorParameters: configured g_hw_speaker_amp_temp_spk
11-30 21:17:45.629  1754  4761 D AHAL_SecModulePrimary: processSetVendorParameters: handler set on Feature:0
11-30 21:17:45.629  1754  4761 D AHAL_SecModulePrimary: onSetSECGenericParameters set temperature for g_hw_speaker_amp_temp_spk: 32
11-30 21:17:45.629  1754  4761 I PAL: API: pal_set_param: 1377: Enter: param id 3002
11-30 21:17:45.629  1754  4761 I PAL: ResourceManager: getActiveStream_l: 6569: no active streams found for device 3 ret -2
11-30 21:17:45.629  1813 11004 E ConversionHelperAidl: Function: parseAndSetVendorParameters Line: 94 Failed 
11-30 21:17:45.630  1813 11004 E ConversionHelperAidl: Function: parseAndSetVendorParameters Line: 94 Failed 
11-30 21:17:45.630  7108  7874 I AudioManager: setParameters keyValuePairs = g_hw_speaker_amp_temp_rcv=31
11-30 21:17:45.631  1813 10177 D AudioFlinger: setParameters: filtered dev setParameters keyvalue g_hw_speaker_amp_temp_rcv=31
11-30 21:17:45.631  1754  4761 D AHAL_HFP_QTI: hfp_set_parameters enter
11-30 21:17:45.631  1754  4761 D AHAL_HFP_QTI: hfp_set_parameters Exit
11-30 21:17:45.631  1754  4761 D AHAL_SecModulePrimary: processSetVendorParameters: configured g_hw_speaker_amp_temp_rcv
11-30 21:17:45.631  1754  4761 D AHAL_SecModulePrimary: processSetVendorParameters: handler set on Feature:0
11-30 21:17:45.631  1754  4761 D AHAL_SecModulePrimary: onSetSECGenericParameters set temperature for g_hw_speaker_amp_temp_rcv: 31
11-30 21:17:45.631  1754  4761 I PAL: API: pal_set_param: 1377: Enter: param id 3001
11-30 21:17:45.631  1754  4761 I PAL: ResourceManager: getActiveStream_l: 6569: no active streams found for device 3 ret -2
11-30 21:17:45.632  1813 10177 E ConversionHelperAidl: Function: parseAndSetVendorParameters Line: 94 Failed 
11-30 21:17:45.632  1813 10177 E ConversionHelperAidl: Function: parseAndSetVendorParameters Line: 94 Failed 
11-30 21:17:45.704  2537  2980 D PowerManagerService: displayReady: false groupId=0
11-30 21:17:45.704  2537  2980 D DisplayPowerController[0]: animateScreenStateChange: target=ON, mIsEnabled=true
11-30 21:17:45.705  2537  2980 D DisplayPowerController[1]: animateScreenStateChange: target=OFF, mIsEnabled=false
11-30 21:17:45.705  2537  2980 D PowerManagerService: displayReady: true groupId=0
11-30 21:17:45.804  1746  5964 I vendor.qti.bluetooth@1.0-ibs_handler: ProcessIbsCmd: Received IBS_WAKE_IND: 0xFD
11-30 21:17:45.804  1746  5964 D vendor.qti.bluetooth@1.0-ibs_handler: SerialClockVote: vote for UART CLK ON
11-30 21:17:45.804  1746  5964 D vendor.qti.bluetooth@1.0-wake_lock: Acquire wakelock is acquired 
11-30 21:17:45.804  1746  5964 I vendor.qti.bluetooth@1.0-ibs_handler: ProcessIbsCmd: Writing IBS_WAKE_ACK
11-30 21:17:45.812  1751 27552 I sensors-hal: handle_sns_client_event:379, [0][4019] accel_sample [-3.390,  0.378,  8.964] 211713307612065
11-30 21:17:45.815  4374  6021 I ScanController: onScanResult to scannerId: 4- eventType=0x1b, addressType=0, address=XX:XX:XX:XX:F0:9B, primaryPhy=1, secondaryPhy=0, advertisingSid=0xff, txPower=127, rssi=-100, periodicAdvInt=0x0
11-30 21:17:45.855  1746  5964 I vendor.qti.bluetooth@1.0-ibs_handler: ProcessIbsCmd: Received IBS_SLEEP_IND: 0xFE
11-30 21:17:45.855  1746  5964 D vendor.qti.bluetooth@1.0-ibs_handler: SerialClockVote: vote for UART CLK OFF
11-30 21:17:45.906  2537  2980 D PowerManagerService: displayReady: false groupId=0
11-30 21:17:45.906  2537  2980 D DisplayPowerController[0]: animateScreenStateChange: target=ON, mIsEnabled=true
11-30 21:17:45.907  2537  2980 D DisplayPowerController[1]: animateScreenStateChange: target=OFF, mIsEnabled=false
11-30 21:17:45.907  2537  2980 D PowerManagerService: displayReady: true groupId=0
11-30 21:17:46.006  1746  4894 D vendor.qti.bluetooth@1.0-wake_lock: Release wakelock is released 
11-30 21:17:46.015  2537  3620 E WifiStaIfaceAidlImpl: getCachedScanData failed with service-specific exception: android.os.ServiceSpecificException:  (code 4)
11-30 21:17:46.018  2537 25405 D SemWifiUsabilityStatsMonitor: onWifiUsabilityStats - seqNum 27793, isSameBssidAndFreq true
11-30 21:17:46.022  2537  6988 D RestrictionPolicy: isAirplaneModeAllowed : true
11-30 21:17:46.022  4642  4794 I HoneySpace.StatusIconTracker: invokeEvent() called with: event = Wifi(visible=true, resId=2131236011, activityId=2131236031)
11-30 21:17:46.024  2537  3807 D InsDataManager: onOutageCountUpdate() - Outage Data: 0, LQ : N. Outage Triggered: false
11-30 21:17:46.024  2537  3807 D SemInsManager: {"bssid": "ae27bb3f2447","rssi": -48.0,"latency": 0.0,"outage_count": 0,"lq_callback_triggered": false,"outage_log": "Unreliable statistics: -48.0 / 5 / 236 / 30 / 1 || ae27bb3f2447: 0.000 / 0.000 / @ || N N / 0 0 / N 2.0 / N X 9 / 122648126 0 || 2025-11-30 21:17:45  / 0: 0 0 0 0 0 0 / 0: 0 0 0 0 0 0 / 0: 0 0 0 0 0 0""Magnetic Sensor Events size": "0""Pressure Sensor Events size": "0"}
11-30 21:17:46.025  1872  1980 I VSyncReactor: Current= 60, Period= 60, Distance= 0
11-30 21:17:46.043  1872  1980 I VSyncReactor: Current= 60, Period= 60, Distance= 60
11-30 21:17:46.106  2537  2980 D PowerManagerService: displayReady: false groupId=0
11-30 21:17:46.106  2537  2980 D DisplayPowerController[0]: animateScreenStateChange: target=ON, mIsEnabled=true
11-30 21:17:46.107  2537  2980 D DisplayPowerController[1]: animateScreenStateChange: target=OFF, mIsEnabled=false
11-30 21:17:46.107  2537  2980 D PowerManagerService: displayReady: true groupId=0
11-30 21:17:46.110  1774  2290 I SDM     : DisplayBase::CommitThread: Received idle timeout, panel: cmd, timeout: 70000 us
11-30 21:17:46.224  2537  5254 I NSLocationMonitor: getGPSUsingApps() called
11-30 21:17:46.224  5255  5299 I NSLocationManager_FLP: getGPSUsingApps, No change
11-30 21:17:46.229  2537  5254 D FreecessHandler: freeze com.anonymous.gagyebunative(11036) result : 2
11-30 21:17:46.308  2537  2980 D PowerManagerService: displayReady: false groupId=0
11-30 21:17:46.308  2537  2980 D DisplayPowerController[0]: animateScreenStateChange: target=ON, mIsEnabled=true
11-30 21:17:46.308  2537  2980 D DisplayPowerController[1]: animateScreenStateChange: target=OFF, mIsEnabled=false
11-30 21:17:46.308  2537  2980 D PowerManagerService: displayReady: true groupId=0
11-30 21:17:46.427  2537  3913 D NetdEventListenerService: DNS Requested by 114, 10492(com.lgt.tmoney), SUCCESS, 0ms
11-30 21:17:46.509  2537  2980 D PowerManagerService: displayReady: false groupId=0
11-30 21:17:46.509  2537  2980 D DisplayPowerController[0]: animateScreenStateChange: target=ON, mIsEnabled=true
11-30 21:17:46.509  2537  2980 D DisplayPowerController[1]: animateScreenStateChange: target=OFF, mIsEnabled=false
11-30 21:17:46.509  2537  2980 D PowerManagerService: displayReady: true groupId=0
11-30 21:17:46.603  1751 21732 I sensors-hal: handle_sns_std_sensor_event:157, [18806] Pressure 1011.109, cal 0.381, sw_offset 0.000 (lsb(bit) 0x27 0xc7 0x62)
11-30 21:17:46.628  1786  2860 I thermal_core: pivot(AP) : 368, skin : 376
11-30 21:17:46.628  1786  2860 I vendor.samsung.hardware.thermal-service: index = -7.400000
11-30 21:17:46.628  1786  2860 I vendor.samsung.hardware.thermal-service: 1 / 2
11-30 21:17:46.694  2537  3913 D NetdEventListenerService: DNS Requested by 114, 10732(com.shinhan.sbanking), 4(FAIL), isBlocked=true, 0ms
11-30 21:17:46.709  2537  2980 D PowerManagerService: displayReady: false groupId=0
11-30 21:17:46.709  2537  2980 D DisplayPowerController[0]: animateScreenStateChange: target=ON, mIsEnabled=true
11-30 21:17:46.710  2537  2980 D DisplayPowerController[1]: animateScreenStateChange: target=OFF, mIsEnabled=false
11-30 21:17:46.710  2537  2980 D PowerManagerService: displayReady: true groupId=0
11-30 21:17:46.831  2537  6988 D RestrictionPolicy: isAirplaneModeAllowed : true
11-30 21:17:46.911  2537  2980 D PowerManagerService: displayReady: false groupId=0
11-30 21:17:46.911  2537  2980 D DisplayPowerController[0]: animateScreenStateChange: target=ON, mIsEnabled=true
11-30 21:17:46.911  2537  2980 D DisplayPowerController[1]: animateScreenStateChange: target=OFF, mIsEnabled=false
11-30 21:17:46.911  2537  2980 D PowerManagerService: displayReady: true groupId=0
11-30 21:17:46.989  1017  1017 D io_stats: !@ Read_top(KB): kworker/u17:0:/(19890) 256
11-30 21:17:46.989  1017  1017 D io_stats: !@ Write_top(KB): kworker/u17:0:/(19890) 660 vendor.samsung.:normal(1782) 8
11-30 21:17:46.989  1017  1017 D io_stats: !@ fuse-log: WORST (10492 1 0 2 0) (10732 1 0 2 0) TOTAL_LATENCY (10492 0 1 0 2) (10732 0 1 0 2) TOTAL_CNT (10492 2 1 2) (10732 2 1 2) 
11-30 21:17:47.111  2537  2980 D PowerManagerService: displayReady: false groupId=0
11-30 21:17:47.111  2537  2980 D DisplayPowerController[0]: animateScreenStateChange: target=ON, mIsEnabled=true
11-30 21:17:47.112  2537  2980 D DisplayPowerController[1]: animateScreenStateChange: target=OFF, mIsEnabled=false
11-30 21:17:47.112  2537  2980 D PowerManagerService: displayReady: true groupId=0
