11-30 21:58:12.060  1754 18663 D AHAL_SecModulePrimary: onGetSECGenericParameters get temperature for g_hw_speaker_amp_temp_rcv: 0
11-30 21:58:12.061  1754  4761 D AHAL_ModulePrimary_QTI: getVendorParameters: id count: 1
11-30 21:58:12.061  1754  4761 I PAL: ResourceManager: getActiveStream_l: 6569: no active streams found for device 3 ret -2
11-30 21:58:12.061  1754  4761 D AHAL_SecModulePrimary: onGetSECGenericParameters get temperature for g_hw_speaker_amp_temp_spk: 0
11-30 21:58:12.062  7108  7874 I SDHMS:x : SIOP:: AP:353 BAT:339 USB:332 CHG:353 PA:355 CP:354 WIFI:356 CF:356 BLK:0 SUBBAT:331 LRPTHM:348 SKIN:355 SKINF:358 SKINB:365 LRP:355 LRF:358 LRB:365 APT:358 APR:365 RCV:308 SPK:305 CAPR:355 CRCV:307 CSPK:311 CAMT:361 UPSPK:332 DNSPK:331 VAP02:362 VAP05:357 AMB2:287 HIGH:0 AVGCUR:315 AVGSYS:167 POWER:1383
11-30 21:58:12.063  7108  7874 I AudioManager: setParameters keyValuePairs = g_hw_speaker_amp_temp_spk=31
11-30 21:58:12.063  1813 20582 D AudioFlinger: setParameters: filtered dev setParameters keyvalue g_hw_speaker_amp_temp_spk=31
11-30 21:58:12.064  1754  4761 D AHAL_HFP_QTI: hfp_set_parameters enter
11-30 21:58:12.064  1754  4761 D AHAL_HFP_QTI: hfp_set_parameters Exit
11-30 21:58:12.064  1754  4761 D AHAL_SecModulePrimary: processSetVendorParameters: configured g_hw_speaker_amp_temp_spk
11-30 21:58:12.064  1754  4761 D AHAL_SecModulePrimary: processSetVendorParameters: handler set on Feature:0
11-30 21:58:12.064  1754  4761 D AHAL_SecModulePrimary: onSetSECGenericParameters set temperature for g_hw_speaker_amp_temp_spk: 31
11-30 21:58:12.064  1754  4761 I PAL: API: pal_set_param: 1377: Enter: param id 3002
11-30 21:58:12.064  1754  4761 I PAL: ResourceManager: getActiveStream_l: 6569: no active streams found for device 3 ret -2
11-30 21:58:12.065  1813 20582 E ConversionHelperAidl: Function: parseAndSetVendorParameters Line: 94 Failed 
11-30 21:58:12.065  1813 20582 E ConversionHelperAidl: Function: parseAndSetVendorParameters Line: 94 Failed 
11-30 21:58:12.065  7108  7874 I AudioManager: setParameters keyValuePairs = g_hw_speaker_amp_temp_rcv=31
11-30 21:58:12.066  1813  1972 D AudioFlinger: setParameters: filtered dev setParameters keyvalue g_hw_speaker_amp_temp_rcv=31
11-30 21:58:12.066  1754  4761 D AHAL_HFP_QTI: hfp_set_parameters enter
11-30 21:58:12.066  1754  4761 D AHAL_HFP_QTI: hfp_set_parameters Exit
11-30 21:58:12.066  1754  4761 D AHAL_SecModulePrimary: processSetVendorParameters: configured g_hw_speaker_amp_temp_rcv
11-30 21:58:12.066  1754  4761 D AHAL_SecModulePrimary: processSetVendorParameters: handler set on Feature:0
11-30 21:58:12.066  1754  4761 D AHAL_SecModulePrimary: onSetSECGenericParameters set temperature for g_hw_speaker_amp_temp_rcv: 31
11-30 21:58:12.066  1754  4761 I PAL: API: pal_set_param: 1377: Enter: param id 3001
11-30 21:58:12.066  1754  4761 I PAL: ResourceManager: getActiveStream_l: 6569: no active streams found for device 3 ret -2
11-30 21:58:12.066  1813  1972 E ConversionHelperAidl: Function: parseAndSetVendorParameters Line: 94 Failed 
11-30 21:58:12.066  1813  1972 E ConversionHelperAidl: Function: parseAndSetVendorParameters Line: 94 Failed 
11-30 21:58:12.198  1017  1017 D io_stats: !@   8,0 r 33412422 824366608 w 6067896 257927268 d 954743 300329124 f 98133 479510 iot 2567732 0 th 0 0 0 pt 0 inp 0 0 125074.306
11-30 21:58:12.198  1017  1017 D io_stats: !@ Read_top(KB): kworker/u17:3:/(2668) 28 cnss_diag:normal(2402) 8
11-30 21:58:12.198  1017  1017 D io_stats: !@ Write_top(KB): soft.appmanager:low(7736) 24 kworker/2:0:/(16495) 12 vendor.samsung.:normal(1782) 8
11-30 21:58:12.198  1017  1017 D io_stats: !@ fuse-log: WORST (10492 1 0 2 0) TOTAL_LATENCY (10492 0 1 0 2) TOTAL_CNT (10492 2 1 2) 
11-30 21:58:12.321  2537  5254 I NSLocationMonitor: getGPSUsingApps() called
11-30 21:58:12.322  5255  5299 I NSLocationManager_FLP: getGPSUsingApps, No change
11-30 21:58:12.326  2537  5254 D FreecessHandler: freeze com.samsung.knox.securefolder(15010145) result : 2
11-30 21:58:12.593  2537  3729 D RestrictionPolicy: isAirplaneModeAllowed : true
11-30 21:58:12.753 27218 27620 I System.out: [java.net.SocketTimeoutException: failed to connect to myicpuu-anonymous-8081.exp.direct/54.65.101.67 (port 8097) from /192.168.45.115 (port 49366) after 10000ms, java.net.SocketTimeoutException: failed to connect to myicpuu-anonymous-8081.exp.direct/18.177.60.68 (port 8097) from /192.168.45.115 (port 38054) after 10000ms, java.net.SocketTimeoutException: failed to connect to myicpuu-anonymous-8081.exp.direct/3.114.93.84 (port 8097) from /192.168.45.115 (port 41414) after 10000ms, java.net.SocketTimeoutException: failed to connect to myicpuu-anonymous-8081.exp.direct/13.114.174.247 (port 8097) from /192.168.45.115 (port 57182) after 10000ms]
11-30 21:58:12.784  2537  3836 D WifiConnectivityMonitor.NetworkStatsAnalyzer: Backhaul result - RSSI:-47, CE:33, PE:33, TI:44, PTI:45, TW:1, PTW:3, Tx:31, Rx:37, TxS:25, RxS:26, RESULT:true, IC:0, ICT:5, WC:0, WCT:5, R:2, RC:0, IE:0, EC:0
11-30 21:58:12.805  2537  3913 D NetdEventListenerService: DNS Requested by 114, 10492(com.lgt.tmoney), SUCCESS, 0ms
11-30 21:58:13.065  1786  2860 I thermal_core: pivot(AP) : 353, skin : 365
11-30 21:58:13.065  1786  2860 I vendor.samsung.hardware.thermal-service: index = -11.200000
11-30 21:58:13.065  1786  2860 I vendor.samsung.hardware.thermal-service: 1 / 2
11-30 21:58:13.117 16035 27724 I NearbyMediums: No BLE Fast/GATT advertisements found in the latest cycle.
11-30 21:58:13.117 16035 27724 I NearbyMediums: Current Tracked Scanning Clients are : {NearbyConnections.EnvironmentMonitor, NearbySharing, NearbyConnections.TxAdvertisement}
11-30 21:58:13.235  2537  3620 E WifiStaIfaceAidlImpl: getCachedScanData failed with service-specific exception: android.os.ServiceSpecificException:  (code 4)
11-30 21:58:13.238  2537 25405 D SemWifiUsabilityStatsMonitor: onWifiUsabilityStats - seqNum 28513, isSameBssidAndFreq true
11-30 21:58:13.244  2537  3807 D InsDataManager: onOutageCountUpdate() - Outage Data: 0, LQ : N. Outage Triggered: false
11-30 21:58:13.245  2537  3807 D SemInsManager: {"bssid": "ae27bb3f2447","rssi": -46.0,"latency": 0.0,"outage_count": 0,"lq_callback_triggered": false,"outage_log": "Unreliable statistics: -46.0 / 16 / 550 / 47 / 0 || ae27bb3f2447: 0.000 / 0.000 / @ || N N / 0 0 / N 2.0 / N O 9 / 125075347 0 || 2025-11-30 21:58:12  / 0: 1 1 1 1 1 1 / 0: 0 0 0 0 0 0 / 0: 0 0 0 0 0 0""Magnetic Sensor Events size": "0""Pressure Sensor Events size": "0"}
11-30 21:58:13.396  1746  5964 I vendor.qti.bluetooth@1.0-ibs_handler: ProcessIbsCmd: Received IBS_WAKE_IND: 0xFD
11-30 21:58:13.396  1746  5964 D vendor.qti.bluetooth@1.0-ibs_handler: SerialClockVote: vote for UART CLK ON
11-30 21:58:13.396  1746  5964 D vendor.qti.bluetooth@1.0-wake_lock: Acquire wakelock is acquired 
11-30 21:58:13.396  1746  5964 I vendor.qti.bluetooth@1.0-ibs_handler: ProcessIbsCmd: Writing IBS_WAKE_ACK
11-30 21:58:13.404  2537  2750 D RestrictionPolicy: isAirplaneModeAllowed : true
11-30 21:58:13.448  1746  5964 I vendor.qti.bluetooth@1.0-ibs_handler: ProcessIbsCmd: Received IBS_SLEEP_IND: 0xFE
11-30 21:58:13.448  1746  5964 D vendor.qti.bluetooth@1.0-ibs_handler: SerialClockVote: vote for UART CLK OFF
11-30 21:58:13.450  1746  5964 I vendor.qti.bluetooth@1.0-ibs_handler: ProcessIbsCmd: Received IBS_WAKE_IND: 0xFD
11-30 21:58:13.450  1746  5964 D vendor.qti.bluetooth@1.0-ibs_handler: SerialClockVote: vote for UART CLK ON
11-30 21:58:13.450  1746  5964 I vendor.qti.bluetooth@1.0-ibs_handler: ProcessIbsCmd: Writing IBS_WAKE_ACK
11-30 21:58:13.491  1746  5964 I vendor.qti.bluetooth@1.0-ibs_handler: ProcessIbsCmd: Received IBS_SLEEP_IND: 0xFE
11-30 21:58:13.491  1746  5964 D vendor.qti.bluetooth@1.0-ibs_handler: SerialClockVote: vote for UART CLK OFF
11-30 21:58:13.644  1746  4894 D vendor.qti.bluetooth@1.0-wake_lock: Release wakelock is released 
11-30 21:58:13.690  3997  4356 D SatelliteController: isInCarrierRoamingNbIotNtn: satellite is disabled
11-30 21:58:13.727  1751 27251 I sensors-hal: handle_sns_client_event:379, [0][1140] accel_sample [ 2.922, -1.223,  9.030] 214141222318256
11-30 21:58:14.067  1786  2860 I thermal_core: pivot(AP) : 353, skin : 365
11-30 21:58:14.068  1786  2860 I vendor.samsung.hardware.thermal-service: index = -11.400000
11-30 21:58:14.068  1786  2860 I vendor.samsung.hardware.thermal-service: 2 / 2
11-30 21:58:14.112  1754  4761 D AHAL_ModulePrimary_QTI: getVendorParameters: id count: 1
11-30 21:58:14.112  1754  4761 I PAL: ResourceManager: getActiveStream_l: 6569: no active streams found for device 3 ret -2
11-30 21:58:14.112  1754  4761 D AHAL_SecModulePrimary: onGetSECGenericParameters get temperature for g_hw_speaker_amp_temp_rcv: 0
11-30 21:58:14.113  1754  1754 D AHAL_ModulePrimary_QTI: getVendorParameters: id count: 1
11-30 21:58:14.113  1754  1754 I PAL: ResourceManager: getActiveStream_l: 6569: no active streams found for device 3 ret -2
11-30 21:58:14.113  1754  1754 D AHAL_SecModulePrimary: onGetSECGenericParameters get temperature for g_hw_speaker_amp_temp_spk: 0
11-30 21:58:14.114  7108  7874 I SDHMS:x : SIOP:: AP:353 BAT:339 USB:332 CHG:352 PA:355 CP:353 WIFI:357 CF:356 BLK:0 SUBBAT:331 LRPTHM:348 SKIN:355 SKINF:358 SKINB:365 LRP:355 LRF:358 LRB:365 APT:358 APR:365 RCV:308 SPK:305 CAPR:355 CRCV:307 CSPK:311 CAMT:361 UPSPK:332 DNSPK:331 VAP02:362 VAP05:357 AMB2:287 HIGH:0 AVGCUR:315 AVGSYS:167 POWER:1383
11-30 21:58:14.114  7108  7874 I AudioManager: setParameters keyValuePairs = g_hw_speaker_amp_temp_spk=31
11-30 21:58:14.116  1813 20582 D AudioFlinger: setParameters: filtered dev setParameters keyvalue g_hw_speaker_amp_temp_spk=31
11-30 21:58:14.116  1754  4761 D AHAL_HFP_QTI: hfp_set_parameters enter
11-30 21:58:14.116  1754  4761 D AHAL_HFP_QTI: hfp_set_parameters Exit
11-30 21:58:14.116  1754  4761 D AHAL_SecModulePrimary: processSetVendorParameters: configured g_hw_speaker_amp_temp_spk
11-30 21:58:14.116  1754  4761 D AHAL_SecModulePrimary: processSetVendorParameters: handler set on Feature:0
11-30 21:58:14.117  1754  4761 D AHAL_SecModulePrimary: onSetSECGenericParameters set temperature for g_hw_speaker_amp_temp_spk: 31
11-30 21:58:14.117  1754  4761 I PAL: API: pal_set_param: 1377: Enter: param id 3002
11-30 21:58:14.117  1754  4761 I PAL: ResourceManager: getActiveStream_l: 6569: no active streams found for device 3 ret -2
11-30 21:58:14.117  1813 20582 E ConversionHelperAidl: Function: parseAndSetVendorParameters Line: 94 Failed 
11-30 21:58:14.117  1813 20582 E ConversionHelperAidl: Function: parseAndSetVendorParameters Line: 94 Failed 
11-30 21:58:14.118  7108  7874 I AudioManager: setParameters keyValuePairs = g_hw_speaker_amp_temp_rcv=31
11-30 21:58:14.118  1813  1972 D AudioFlinger: setParameters: filtered dev setParameters keyvalue g_hw_speaker_amp_temp_rcv=31
11-30 21:58:14.118  1754  1754 D AHAL_HFP_QTI: hfp_set_parameters enter
11-30 21:58:14.119  1754  1754 D AHAL_HFP_QTI: hfp_set_parameters Exit
11-30 21:58:14.119  1754  1754 D AHAL_SecModulePrimary: processSetVendorParameters: configured g_hw_speaker_amp_temp_rcv
11-30 21:58:14.119  1754  1754 D AHAL_SecModulePrimary: processSetVendorParameters: handler set on Feature:0
11-30 21:58:14.119  1754  1754 D AHAL_SecModulePrimary: onSetSECGenericParameters set temperature for g_hw_speaker_amp_temp_rcv: 31
11-30 21:58:14.119  1754  1754 I PAL: API: pal_set_param: 1377: Enter: param id 3001
11-30 21:58:14.119  1754  1754 I PAL: ResourceManager: getActiveStream_l: 6569: no active streams found for device 3 ret -2
11-30 21:58:14.119  1813  1972 E ConversionHelperAidl: Function: parseAndSetVendorParameters Line: 94 Failed 
11-30 21:58:14.120  1813  1972 E ConversionHelperAidl: Function: parseAndSetVendorParameters Line: 94 Failed 
11-30 21:58:14.216  2537  2750 D RestrictionPolicy: isAirplaneModeAllowed : true
11-30 21:58:14.700  1751  6834 I sensors-hal: handle_sns_client_event:208, auto_rotation_debug_2 mode,255,last,255, type,3,0 main,2.986,-1.216,9.054 sub,-3.115,-1.196,-9.265, ar,0, h_ic,1, s,3, ver,12, pedo,1,e,1,i,3
11-30 21:58:15.020  2402  2402 I CNSS    : /sys/wifi/max_chipset_log_size doesn't exist
11-30 21:58:15.028  2537  2750 D RestrictionPolicy: isAirplaneModeAllowed : true
11-30 21:58:15.116  1786  2860 I thermal_core: pivot(AP) : 353, skin : 365
11-30 21:58:15.116  1786  2860 I vendor.samsung.hardware.thermal-service: index = -11.800000
11-30 21:58:15.116  1786  2860 I vendor.samsung.hardware.thermal-service: 1 / 2
